Archive member included to satisfy reference by file (symbol)

app/libapp.a(main.c.obj)      (--whole-archive)
zephyr/libzephyr.a(cbprintf.c.obj)
                              (--whole-archive)
zephyr/libzephyr.a(cbprintf_packaged.c.obj)
                              (--whole-archive)
zephyr/libzephyr.a(crc32c_sw.c.obj)
                              (--whole-archive)
zephyr/libzephyr.a(crc32_sw.c.obj)
                              (--whole-archive)
zephyr/libzephyr.a(crc16_sw.c.obj)
                              (--whole-archive)
zephyr/libzephyr.a(crc8_sw.c.obj)
                              (--whole-archive)
zephyr/libzephyr.a(crc7_sw.c.obj)
                              (--whole-archive)
zephyr/libzephyr.a(dec.c.obj)
                              (--whole-archive)
zephyr/libzephyr.a(fdtable.c.obj)
                              (--whole-archive)
zephyr/libzephyr.a(hex.c.obj)
                              (--whole-archive)
zephyr/libzephyr.a(notify.c.obj)
                              (--whole-archive)
zephyr/libzephyr.a(printk.c.obj)
                              (--whole-archive)
zephyr/libzephyr.a(onoff.c.obj)
                              (--whole-archive)
zephyr/libzephyr.a(rb.c.obj)  (--whole-archive)
zephyr/libzephyr.a(sem.c.obj)
                              (--whole-archive)
zephyr/libzephyr.a(thread_entry.c.obj)
                              (--whole-archive)
zephyr/libzephyr.a(timeutil.c.obj)
                              (--whole-archive)
zephyr/libzephyr.a(heap.c.obj)
                              (--whole-archive)
zephyr/libzephyr.a(heap-validate.c.obj)
                              (--whole-archive)
zephyr/libzephyr.a(bitarray.c.obj)
                              (--whole-archive)
zephyr/libzephyr.a(cbprintf_complete.c.obj)
                              (--whole-archive)
zephyr/libzephyr.a(reboot.c.obj)
                              (--whole-archive)
zephyr/libzephyr.a(configs.c.obj)
                              (--whole-archive)
zephyr/libzephyr.a(soc_nrf_common.S.obj)
                              (--whole-archive)
zephyr/libzephyr.a(validate_base_addresses.c.obj)
                              (--whole-archive)
zephyr/libzephyr.a(validate_enabled_instances.c.obj)
                              (--whole-archive)
zephyr/libzephyr.a(power.c.obj)
                              (--whole-archive)
zephyr/libzephyr.a(pm_ctrl.c.obj)
                              (--whole-archive)
zephyr/libzephyr.a(policy_residency.c.obj)
                              (--whole-archive)
zephyr/libzephyr.a(tracing_none.c.obj)
                              (--whole-archive)
zephyr/libzephyr.a(uart_console.c.obj)
                              (--whole-archive)
zephyr/libzephyr.a(clock_control_nrf.c.obj)
                              (--whole-archive)
zephyr/libzephyr.a(sys_clock_init.c.obj)
                              (--whole-archive)
zephyr/libzephyr.a(nrf_rtc_timer.c.obj)
                              (--whole-archive)
zephyr/arch/common/libarch__common.a(sw_isr_common.c.obj)
                              (--whole-archive)
zephyr/arch/arch/arm/core/aarch32/libarch__arm__core__aarch32.a(swap.c.obj)
                              (--whole-archive)
zephyr/arch/arch/arm/core/aarch32/libarch__arm__core__aarch32.a(swap_helper.S.obj)
                              (--whole-archive)
zephyr/arch/arch/arm/core/aarch32/libarch__arm__core__aarch32.a(irq_manage.c.obj)
                              (--whole-archive)
zephyr/arch/arch/arm/core/aarch32/libarch__arm__core__aarch32.a(thread.c.obj)
                              (--whole-archive)
zephyr/arch/arch/arm/core/aarch32/libarch__arm__core__aarch32.a(cpu_idle.S.obj)
                              (--whole-archive)
zephyr/arch/arch/arm/core/aarch32/libarch__arm__core__aarch32.a(fatal.c.obj)
                              (--whole-archive)
zephyr/arch/arch/arm/core/aarch32/libarch__arm__core__aarch32.a(nmi.c.obj)
                              (--whole-archive)
zephyr/arch/arch/arm/core/aarch32/libarch__arm__core__aarch32.a(nmi_on_reset.S.obj)
                              (--whole-archive)
zephyr/arch/arch/arm/core/aarch32/libarch__arm__core__aarch32.a(prep_c.c.obj)
                              (--whole-archive)
zephyr/arch/arch/arm/core/aarch32/libarch__arm__core__aarch32.a(isr_wrapper.S.obj)
                              (--whole-archive)
zephyr/arch/arch/arm/core/aarch32/cortex_m/libarch__arm__core__aarch32__cortex_m.a(vector_table.S.obj)
                              (--whole-archive)
zephyr/arch/arch/arm/core/aarch32/cortex_m/libarch__arm__core__aarch32__cortex_m.a(reset.S.obj)
                              (--whole-archive)
zephyr/arch/arch/arm/core/aarch32/cortex_m/libarch__arm__core__aarch32__cortex_m.a(fault_s.S.obj)
                              (--whole-archive)
zephyr/arch/arch/arm/core/aarch32/cortex_m/libarch__arm__core__aarch32__cortex_m.a(fault.c.obj)
                              (--whole-archive)
[...]
Memory Configuration

Name             Origin             Length             Attributes
FLASH            0x00000000         0x00080000         xr
SRAM             0x20000000         0x00010000         xw
IDT_LIST         0x20010000         0x00000800         xw
*default*        0x00000000         0xffffffff

Linker script and memory map

LOAD zephyr/CMakeFiles/zephyr_prebuilt.dir/misc/empty_file.c.obj
LOAD zephyr/CMakeFiles/offsets.dir/./arch/arm/core/offsets/offsets.c.obj
                0x00000020                _region_min_align = 0x20

.rel.plt        0x00000000        0x0
 *(SORT_BY_ALIGNMENT(.rel.plt))
                [!provide]                PROVIDE (__rel_iplt_start = .)
 *(SORT_BY_ALIGNMENT(.rel.iplt))
 .rel.iplt      0x00000000        0x0 app/libapp.a(main.c.obj)
                [!provide]                PROVIDE (__rel_iplt_end = .)

.rela.plt       0x00000000        0x0
 *(SORT_BY_ALIGNMENT(.rela.plt))
                [!provide]                PROVIDE (__rela_iplt_start = .)
 *(SORT_BY_ALIGNMENT(.rela.iplt))
                [!provide]                PROVIDE (__rela_iplt_end = .)

.rel.dyn
 *(SORT_BY_ALIGNMENT(.rel.*))

.rela.dyn
 *(SORT_BY_ALIGNMENT(.rela.*))

/DISCARD/
 *(SORT_BY_ALIGNMENT(.plt))

/DISCARD/
 *(SORT_BY_ALIGNMENT(.iplt))
                0x00000000                _image_rom_start = 0x0

rom_start       0x00000000       0xdc
                0x00000000                . = 0x0
                0x00000000                . = ALIGN (0x4)
                0x00000000                . = ALIGN (0x80)
                0x00000000                . = ALIGN (0x100)
                0x00000000                _vector_start = .
 *(SORT_BY_ALIGNMENT(.exc_vector_table))
 *(SORT_BY_ALIGNMENT(.exc_vector_table.*))
 .exc_vector_table._vector_table_section
                0x00000000       0x40 zephyr/arch/arch/arm/core/aarch32/cortex_m/libarch__arm__core__aarch32__cortex_m.a(vector_table.S.obj)
                0x00000000                _vector_table
 *(SORT_BY_ALIGNMENT(.gnu.linkonce.irq_vector_table*))
 .gnu.linkonce.irq_vector_table
                0x00000040       0x9c zephyr/arch/common/libisr_tables.a(isr_tables.c.obj)
                0x00000040                _irq_vector_table
 *(SORT_BY_ALIGNMENT(.vectors))
                0x000000dc                _vector_end = .

text            0x000000dc     0x3ea0
                0x000000dc                _image_text_start = .
 *(SORT_BY_ALIGNMENT(.text))
 .text          0x000000dc       0x30 c:/gnuarmemb/10.2021.07/bin/../lib/gcc/arm-none-eabi/10.3.1/thumb/v7e-m/nofp\libgcc.a(_aeabi_uldivmod.o)
                0x000000dc                __aeabi_uldivmod
 .text          0x0000010c      0x2d0 c:/gnuarmemb/10.2021.07/bin/../lib/gcc/arm-none-eabi/10.3.1/thumb/v7e-m/nofp\libgcc.a(_udivmoddi4.o)
                0x0000010c                __udivmoddi4
 .text          0x000003dc        0x4 c:/gnuarmemb/10.2021.07/bin/../lib/gcc/arm-none-eabi/10.3.1/thumb/v7e-m/nofp\libgcc.a(_dvmd_tls.o)
                0x000003dc                __aeabi_idiv0
                0x000003dc                __aeabi_ldiv0
 *(SORT_BY_ALIGNMENT(.text.*))
 .text.i2s_isr_handler
                0x000003e0       0x28 app/libapp.a(main.c.obj)
                0x000003e0                i2s_isr_handler
 .text.data_handler
                0x00000408       0x38 app/libapp.a(main.c.obj)
 .text.print_sound
                0x00000440       0x48 app/libapp.a(main.c.obj)
                0x00000440                print_sound
 .text.get_sound_init
                0x00000488       0x9c app/libapp.a(main.c.obj)
                0x00000488                get_sound_init
 .text.main     0x00000524       0xd0 app/libapp.a(main.c.obj)
                0x00000524                main
 .text.char_out
                0x000005f4       0x10 zephyr/libzephyr.a(printk.c.obj)
 .text.__printk_hook_install
                0x00000604        0xc zephyr/libzephyr.a(printk.c.obj)
                0x00000604                __printk_hook_install
 .text.vprintk  0x00000610       0x1c zephyr/libzephyr.a(printk.c.obj)
                0x00000610                vprintk
 .text.process_event
                0x0000062c      0x1c0 zephyr/libzephyr.a(onoff.c.obj)
 .text.cbvprintf
                0x000007ec      0x784 zephyr/libzephyr.a(cbprintf_complete.c.obj)
                0x000007ec                cbvprintf
 .text.pm_state_notify
                0x00000f70       0x44 zephyr/libzephyr.a(power.c.obj)
 .text.pm_system_resume
                0x00000fb4       0x4c zephyr/libzephyr.a(power.c.obj)
                0x00000fb4                pm_system_resume
 .text.pm_system_suspend
                0x00001000       0x88 zephyr/libzephyr.a(power.c.obj)
                0x00001000                pm_system_suspend
 .text.uart_console_init
                0x00001088       0x2c zephyr/libzephyr.a(uart_console.c.obj)
 .text.console_out
                0x000010b4       0x28 zephyr/libzephyr.a(uart_console.c.obj)
 .text.onoff_stop
                0x000010dc       0x30 zephyr/libzephyr.a(clock_control_nrf.c.obj)
 .text.onoff_start
                0x0000110c       0x44 zephyr/libzephyr.a(clock_control_nrf.c.obj)
 .text.clk_init
                0x00001150       0x60 zephyr/libzephyr.a(clock_control_nrf.c.obj)
 .text.clkstarted_handle.constprop.0
                0x000011b0       0x34 zephyr/libzephyr.a(clock_control_nrf.c.obj)
 .text.clock_event_handler
                0x000011e4       0x1c zephyr/libzephyr.a(clock_control_nrf.c.obj)
 .text.generic_hfclk_start
                0x00001200       0x64 zephyr/libzephyr.a(clock_control_nrf.c.obj)
 .text.api_blocking_start
                0x00001264       0x34 zephyr/libzephyr.a(clock_control_nrf.c.obj)
 .text.lfclk_start
                0x00001298       0x24 zephyr/libzephyr.a(clock_control_nrf.c.obj)
 .text.generic_hfclk_stop
                0x000012bc       0x2c zephyr/libzephyr.a(clock_control_nrf.c.obj)
 .text.z_nrf_clock_control_lf_on
                0x000012e8      0x100 zephyr/libzephyr.a(clock_control_nrf.c.obj)
                0x000012e8                z_nrf_clock_control_lf_on
 .text.sys_clock_timeout_handler
                0x000013e8       0x18 zephyr/libzephyr.a(nrf_rtc_timer.c.obj)
 .text.set_absolute_alarm
                0x00001400       0x94 zephyr/libzephyr.a(nrf_rtc_timer.c.obj)
 .text.rtc_nrf_isr
                0x00001494       0x60 zephyr/libzephyr.a(nrf_rtc_timer.c.obj)
                0x00001494                rtc_nrf_isr
 .text.sys_clock_driver_init
                0x000014f4       0x4c zephyr/libzephyr.a(nrf_rtc_timer.c.obj)
                0x000014f4                sys_clock_driver_init
 .text.sys_clock_set_timeout
                0x00001540       0x64 zephyr/libzephyr.a(nrf_rtc_timer.c.obj)
                0x00001540                sys_clock_set_timeout
 .text.sys_clock_elapsed
                0x000015a4       0x1c zephyr/libzephyr.a(nrf_rtc_timer.c.obj)
                0x000015a4                sys_clock_elapsed
 .text.arch_swap
                0x000015c0       0x34 zephyr/arch/arch/arm/core/aarch32/libarch__arm__core__aarch32.a(swap.c.obj)
                0x000015c0                arch_swap
 .text.z_arm_pendsv
                0x000015f4       0x48 zephyr/arch/arch/arm/core/aarch32/libarch__arm__core__aarch32.a(swap_helper.S.obj)
                0x000015f4                z_arm_pendsv
 .text.z_arm_svc
                0x0000163c       0x20 zephyr/arch/arch/arm/core/aarch32/libarch__arm__core__aarch32.a(swap_helper.S.obj)
                0x0000163c                z_arm_svc
 .text.arch_irq_enable
                0x0000165c       0x20 zephyr/arch/arch/arm/core/aarch32/libarch__arm__core__aarch32.a(irq_manage.c.obj)
                0x0000165c                arch_irq_enable
 .text.arch_irq_is_enabled
                0x0000167c       0x1c zephyr/arch/arch/arm/core/aarch32/libarch__arm__core__aarch32.a(irq_manage.c.obj)
                0x0000167c                arch_irq_is_enabled
 .text.z_arm_irq_priority_set
                0x00001698       0x30 zephyr/arch/arch/arm/core/aarch32/libarch__arm__core__aarch32.a(irq_manage.c.obj)
                0x00001698                z_arm_irq_priority_set
 .text._arch_isr_direct_pm
                0x000016c8       0x1c zephyr/arch/arch/arm/core/aarch32/libarch__arm__core__aarch32.a(irq_manage.c.obj)
                0x000016c8                _arch_isr_direct_pm
 .text.arch_new_thread
                0x000016e4       0x38 zephyr/arch/arch/arm/core/aarch32/libarch__arm__core__aarch32.a(thread.c.obj)
                0x000016e4                arch_new_thread
 .text.arch_switch_to_main_thread
                0x0000171c       0x24 zephyr/arch/arch/arm/core/aarch32/libarch__arm__core__aarch32.a(thread.c.obj)
                0x0000171c                arch_switch_to_main_thread
 .text.z_arm_cpu_idle_init
                0x00001740        0xc zephyr/arch/arch/arm/core/aarch32/libarch__arm__core__aarch32.a(cpu_idle.S.obj)
                0x00001740                z_arm_cpu_idle_init
 .text.arch_cpu_idle
                0x0000174c       0x1c zephyr/arch/arch/arm/core/aarch32/libarch__arm__core__aarch32.a(cpu_idle.S.obj)
                0x0000174c                arch_cpu_idle
 .text.arch_cpu_atomic_idle
                0x00001768       0x14 zephyr/arch/arch/arm/core/aarch32/libarch__arm__core__aarch32.a(cpu_idle.S.obj)
                0x00001768                arch_cpu_atomic_idle
 .text.z_SysNmiOnReset
                0x0000177c        0x8 zephyr/arch/arch/arm/core/aarch32/libarch__arm__core__aarch32.a(nmi_on_reset.S.obj)
                0x0000177c                z_SysNmiOnReset
 .text.z_arm_prep_c
                0x00001784       0x38 zephyr/arch/arch/arm/core/aarch32/libarch__arm__core__aarch32.a(prep_c.c.obj)
                0x00001784                z_arm_prep_c
 .text._isr_wrapper
                0x000017bc       0x40 zephyr/arch/arch/arm/core/aarch32/libarch__arm__core__aarch32.a(isr_wrapper.S.obj)
                0x000017bc                _isr_wrapper
 .text._reset_section
                0x000017fc       0x54 zephyr/arch/arch/arm/core/aarch32/cortex_m/libarch__arm__core__aarch32__cortex_m.a(reset.S.obj)
                0x000017fc                __start
                0x000017fc                z_arm_reset
 .text.__fault  0x00001850       0x14 zephyr/arch/arch/arm/core/aarch32/cortex_m/libarch__arm__core__aarch32__cortex_m.a(fault_s.S.obj)
                0x00001850                z_arm_usage_fault
                0x00001850                z_arm_mpu_fault
                0x00001850                z_arm_exc_spurious
                0x00001850                z_arm_debug_monitor
                0x00001850                z_arm_hard_fault
                0x00001850                z_arm_bus_fault
 .text.bus_fault.constprop.0
                0x00001864       0x3c zephyr/arch/arch/arm/core/aarch32/cortex_m/libarch__arm__core__aarch32__cortex_m.a(fault.c.obj)
 .text.mem_manage_fault.constprop.0
                0x000018a0       0x40 zephyr/arch/arch/arm/core/aarch32/cortex_m/libarch__arm__core__aarch32__cortex_m.a(fault.c.obj)
 .text.z_arm_fault
                0x000018e0      0x10c zephyr/arch/arch/arm/core/aarch32/cortex_m/libarch__arm__core__aarch32__cortex_m.a(fault.c.obj)
                0x000018e0                z_arm_fault
 .text.z_arm_fault_init
                0x000019ec       0x10 zephyr/arch/arch/arm/core/aarch32/cortex_m/libarch__arm__core__aarch32__cortex_m.a(fault.c.obj)
                0x000019ec                z_arm_fault_init
 .text._HandlerModeExit
                0x000019fc       0x1c zephyr/arch/arch/arm/core/aarch32/cortex_m/libarch__arm__core__aarch32__cortex_m.a(exc_exit.S.obj)
                0x000019fc                z_arm_int_exit
                0x000019fc                z_arm_exc_exit
 .text.z_arm_clear_arm_mpu_config
                0x00001a18       0x24 zephyr/arch/arch/arm/core/aarch32/cortex_m/libarch__arm__core__aarch32__cortex_m.a(scb.c.obj)
                0x00001a18                z_arm_clear_arm_mpu_config
 .text.z_arm_init_arch_hw_at_boot
                0x00001a3c       0x64 zephyr/arch/arch/arm/core/aarch32/cortex_m/libarch__arm__core__aarch32__cortex_m.a(scb.c.obj)
                0x00001a3c                z_arm_init_arch_hw_at_boot
 .text.z_arm_interrupt_init
                0x00001aa0       0x18 zephyr/arch/arch/arm/core/aarch32/cortex_m/libarch__arm__core__aarch32__cortex_m.a(irq_init.c.obj)
                0x00001aa0                z_arm_interrupt_init
 .text.z_impl_k_thread_abort
                0x00001ab8       0x24 zephyr/arch/arch/arm/core/aarch32/cortex_m/libarch__arm__core__aarch32__cortex_m.a(thread_abort.c.obj)
                0x00001ab8                z_impl_k_thread_abort
 .text.z_arm_configure_static_mpu_regions
                0x00001adc       0x18 zephyr/arch/arch/arm/core/aarch32/mpu/libarch__arm__core__aarch32__mpu.a(arm_core_mpu.c.obj)
                0x00001adc                z_arm_configure_static_mpu_regions
 .text.mpu_configure_regions
                0x00001af4       0x84 zephyr/arch/arch/arm/core/aarch32/mpu/libarch__arm__core__aarch32__mpu.a(arm_mpu.c.obj)
 .text.arm_core_mpu_enable
                0x00001b78       0x18 zephyr/arch/arch/arm/core/aarch32/mpu/libarch__arm__core__aarch32__mpu.a(arm_mpu.c.obj)
                0x00001b78                arm_core_mpu_enable
 .text.arm_core_mpu_disable
                0x00001b90       0x14 zephyr/arch/arch/arm/core/aarch32/mpu/libarch__arm__core__aarch32__mpu.a(arm_mpu.c.obj)
                0x00001b90                arm_core_mpu_disable
 .text.arm_core_mpu_configure_static_mpu_regions
                0x00001ba4       0x14 zephyr/arch/arch/arm/core/aarch32/mpu/libarch__arm__core__aarch32__mpu.a(arm_mpu.c.obj)
                0x00001ba4                arm_core_mpu_configure_static_mpu_regions
 .text.z_arm_mpu_init
                0x00001bb8       0x60 zephyr/arch/arch/arm/core/aarch32/mpu/libarch__arm__core__aarch32__mpu.a(arm_mpu.c.obj)
                0x00001bb8                z_arm_mpu_init
 .text.__stdout_hook_install
                0x00001c18        0xc zephyr/lib/libc/minimal/liblib__libc__minimal.a(stdout_console.c.obj)
                0x00001c18                __stdout_hook_install
 .text.nordicsemi_nrf52_init
                0x00001c24       0x30 zephyr/soc/arm/nordic_nrf/nrf52/libsoc__arm__nordic_nrf__nrf52.a(soc.c.obj)
 .text.sys_arch_reboot
                0x00001c54       0x2c zephyr/soc/arm/nordic_nrf/nrf52/libsoc__arm__nordic_nrf__nrf52.a(soc.c.obj)
                0x00001c54                sys_arch_reboot
 .text.arch_busy_wait
                0x00001c80       0x14 zephyr/soc/arm/nordic_nrf/nrf52/libsoc__arm__nordic_nrf__nrf52.a(soc.c.obj)
                0x00001c80                arch_busy_wait
 .text.gpio_nrfx_init
                0x00001c94       0x30 zephyr/drivers/gpio/libdrivers__gpio.a(gpio_nrfx.c.obj)
 .text.gpio_nrfx_pin_interrupt_configure
                0x00001cc4      0x1a8 zephyr/drivers/gpio/libdrivers__gpio.a(gpio_nrfx.c.obj)
 .text.gpio_nrfx_config
                0x00001e6c       0xb8 zephyr/drivers/gpio/libdrivers__gpio.a(gpio_nrfx.c.obj)
 .text.gpiote_event_handler
                0x00001f24      0x11c zephyr/drivers/gpio/libdrivers__gpio.a(gpio_nrfx.c.obj)
 .text.uart_nrfx_poll_in
                0x00002040       0x24 zephyr/drivers/serial/libdrivers__serial.a(uart_nrfx_uart.c.obj)
 .text.uart_nrfx_err_check
                0x00002064       0x10 zephyr/drivers/serial/libdrivers__serial.a(uart_nrfx_uart.c.obj)
 .text.uart_nrfx_configure
                0x00002074      0x15c zephyr/drivers/serial/libdrivers__serial.a(uart_nrfx_uart.c.obj)
 .text.uart_nrfx_init
                0x000021d0       0x58 zephyr/drivers/serial/libdrivers__serial.a(uart_nrfx_uart.c.obj)
 .text.uart_nrfx_poll_out
                0x00002228       0x7c zephyr/drivers/serial/libdrivers__serial.a(uart_nrfx_uart.c.obj)
 .text.nrf52_errata_16
                0x000022a4       0x28 modules/hal_nordic/nrfx/libmodules__hal_nordic__nrfx.a(system_nrf52.c.obj)
 .text.nvmc_wait
                0x000022cc       0x10 modules/hal_nordic/nrfx/libmodules__hal_nordic__nrfx.a(system_nrf52.c.obj)
                0x000022cc                nvmc_wait
 .text.SystemInit
                0x000022dc      0x288 modules/hal_nordic/nrfx/libmodules__hal_nordic__nrfx.a(system_nrf52.c.obj)
                0x000022dc                SystemInit
 .text.nrfx_clock_init
                0x00002564       0x20 modules/hal_nordic/nrfx/libmodules__hal_nordic__nrfx.a(nrfx_clock.c.obj)
                0x00002564                nrfx_clock_init
 .text.nrfx_clock_start
                0x00002584       0x90 modules/hal_nordic/nrfx/libmodules__hal_nordic__nrfx.a(nrfx_clock.c.obj)
                0x00002584                nrfx_clock_start
 .text.nrfx_clock_stop
                0x00002614       0x78 modules/hal_nordic/nrfx/libmodules__hal_nordic__nrfx.a(nrfx_clock.c.obj)
                0x00002614                nrfx_clock_stop
 .text.nrfx_power_clock_irq_handler
                0x0000268c       0x68 modules/hal_nordic/nrfx/libmodules__hal_nordic__nrfx.a(nrfx_clock.c.obj)
                0x0000268c                nrfx_power_clock_irq_handler
 .text.nrfx_gpiote_channel_free
                0x000026f4       0x40 modules/hal_nordic/nrfx/libmodules__hal_nordic__nrfx.a(nrfx_gpiote.c.obj)
                0x000026f4                nrfx_gpiote_channel_free
 .text.nrfx_gpiote_channel_alloc
                0x00002734       0x70 modules/hal_nordic/nrfx/libmodules__hal_nordic__nrfx.a(nrfx_gpiote.c.obj)
                0x00002734                nrfx_gpiote_channel_alloc
 .text.nrfx_i2s_init
                0x000027a4      0x14c modules/hal_nordic/nrfx/libmodules__hal_nordic__nrfx.a(nrfx_i2s.c.obj)
                0x000027a4                nrfx_i2s_init
 .text.nrfx_i2s_start
                0x000028f0       0xe4 modules/hal_nordic/nrfx/libmodules__hal_nordic__nrfx.a(nrfx_i2s.c.obj)
                0x000028f0                nrfx_i2s_start
 .text.nrfx_i2s_next_buffers_set
                0x000029d4       0x70 modules/hal_nordic/nrfx/libmodules__hal_nordic__nrfx.a(nrfx_i2s.c.obj)
                0x000029d4                nrfx_i2s_next_buffers_set
 .text.nrfx_i2s_irq_handler
                0x00002a44       0xfc modules/hal_nordic/nrfx/libmodules__hal_nordic__nrfx.a(nrfx_i2s.c.obj)
                0x00002a44                nrfx_i2s_irq_handler
 .text.z_sys_init_run_level
                0x00002b40       0x40 zephyr/kernel/libkernel.a(device.c.obj)
                0x00002b40                z_sys_init_run_level
 .text.z_impl_device_get_binding
                0x00002b80       0x54 zephyr/kernel/libkernel.a(device.c.obj)
                0x00002b80                z_impl_device_get_binding
 .text.z_bss_zero
                0x00002bd4       0x14 zephyr/kernel/libkernel.a(init.c.obj)
                0x00002bd4                z_bss_zero
 .text.bg_thread_main
                0x00002be8       0x34 zephyr/kernel/libkernel.a(init.c.obj)
 .text.z_cstart
                0x00002c1c      0x110 zephyr/kernel/libkernel.a(init.c.obj)
                0x00002c1c                z_cstart
 .text.z_setup_new_thread
                0x00002d2c       0x60 zephyr/kernel/libkernel.a(thread.c.obj)
                0x00002d2c                z_setup_new_thread
 .text.z_init_static_threads
                0x00002d8c       0xb8 zephyr/kernel/libkernel.a(thread.c.obj)
                0x00002d8c                z_init_static_threads
 .text.idle     0x00002e44       0x2c zephyr/kernel/libkernel.a(idle.c.obj)
                0x00002e44                idle
 .text.z_impl_k_sem_give
                0x00002e70       0x40 zephyr/kernel/libkernel.a(sem.c.obj)
                0x00002e70                z_impl_k_sem_give
 .text.z_impl_k_sem_take
                0x00002eb0       0x50 zephyr/kernel/libkernel.a(sem.c.obj)
                0x00002eb0                z_impl_k_sem_take
 .text.z_reset_time_slice
                0x00002f00       0x2c zephyr/kernel/libkernel.a(sched.c.obj)
                0x00002f00                z_reset_time_slice
 .text.k_sched_time_slice_set
                0x00002f2c       0x60 zephyr/kernel/libkernel.a(sched.c.obj)
                0x00002f2c                k_sched_time_slice_set
 .text.z_reschedule
                0x00002f8c       0x24 zephyr/kernel/libkernel.a(sched.c.obj)
                0x00002f8c                z_reschedule
 .text.k_sched_lock
                0x00002fb0       0x28 zephyr/kernel/libkernel.a(sched.c.obj)
                0x00002fb0                k_sched_lock
 .text.update_cache
                0x00002fd8       0x40 zephyr/kernel/libkernel.a(sched.c.obj)
 .text.unready_thread
                0x00003018       0x30 zephyr/kernel/libkernel.a(sched.c.obj)
 .text.pend     0x00003048       0x4c zephyr/kernel/libkernel.a(sched.c.obj)
 .text.z_pend_curr
                0x00003094       0x28 zephyr/kernel/libkernel.a(sched.c.obj)
                0x00003094                z_pend_curr
 .text.z_impl_k_thread_suspend
                0x000030bc       0x64 zephyr/kernel/libkernel.a(sched.c.obj)
                0x000030bc                z_impl_k_thread_suspend
 .text.k_sched_unlock
                0x00003120       0x38 zephyr/kernel/libkernel.a(sched.c.obj)
                0x00003120                k_sched_unlock
 .text.move_thread_to_end_of_prio_q
                0x00003158       0x74 zephyr/kernel/libkernel.a(sched.c.obj)
 .text.z_time_slice
                0x000031cc       0x80 zephyr/kernel/libkernel.a(sched.c.obj)
                0x000031cc                z_time_slice
 .text.ready_thread
                0x0000324c       0x6c zephyr/kernel/libkernel.a(sched.c.obj)
 .text.z_sched_start
                0x000032b8       0x3c zephyr/kernel/libkernel.a(sched.c.obj)
                0x000032b8                z_sched_start
 .text.z_sched_init
                0x000032f4       0x18 zephyr/kernel/libkernel.a(sched.c.obj)
                0x000032f4                z_sched_init
 .text.z_impl_k_yield
                0x0000330c       0x80 zephyr/kernel/libkernel.a(sched.c.obj)
                0x0000330c                z_impl_k_yield
 .text.z_tick_sleep
                0x0000338c       0x90 zephyr/kernel/libkernel.a(sched.c.obj)
 .text.z_impl_k_sleep
                0x0000341c       0x34 zephyr/kernel/libkernel.a(sched.c.obj)
                0x0000341c                z_impl_k_sleep
 .text.z_impl_k_current_get
                0x00003450        0xc zephyr/kernel/libkernel.a(sched.c.obj)
                0x00003450                z_impl_k_current_get
 .text.z_thread_abort
                0x0000345c       0xa4 zephyr/kernel/libkernel.a(sched.c.obj)
                0x0000345c                z_thread_abort
 .text.z_data_copy
                0x00003500       0x34 zephyr/kernel/libkernel.a(xip.c.obj)
                0x00003500                z_data_copy
 .text.elapsed  0x00003534       0x14 zephyr/kernel/libkernel.a(timeout.c.obj)
 .text.next_timeout
                0x00003548       0x50 zephyr/kernel/libkernel.a(timeout.c.obj)
 .text.remove_timeout
                0x00003598       0x34 zephyr/kernel/libkernel.a(timeout.c.obj)
 .text.z_add_timeout
                0x000035cc       0xf4 zephyr/kernel/libkernel.a(timeout.c.obj)
                0x000035cc                z_add_timeout
 .text.sys_clock_announce
                0x000036c0       0xb8 zephyr/kernel/libkernel.a(timeout.c.obj)
                0x000036c0                sys_clock_announce
 .text.sys_clock_tick_get
                0x00003778       0x30 zephyr/kernel/libkernel.a(timeout.c.obj)
                0x00003778                sys_clock_tick_get
 .text.boot_banner
                0x000037a8       0x18 zephyr/kernel/libkernel.a(banner.c.obj)
                0x000037a8                boot_banner
 .text._OffsetAbsSyms
                0x000037c0        0x2 zephyr/CMakeFiles/offsets.dir/./arch/arm/core/offsets/offsets.c.obj
                0x000037c0                _OffsetAbsSyms
 .text.sys_notify_validate
                0x000037c2       0x22 zephyr/libzephyr.a(notify.c.obj)
                0x000037c2                sys_notify_validate
 .text.sys_notify_finalize
                0x000037e4       0x1a zephyr/libzephyr.a(notify.c.obj)
                0x000037e4                sys_notify_finalize
 .text.arch_printk_char_out
                0x000037fe        0x4 zephyr/libzephyr.a(printk.c.obj)
                0x000037fe                arch_printk_char_out
 .text.printk   0x00003802       0x1a zephyr/libzephyr.a(printk.c.obj)
                0x00003802                printk
 .text.process_recheck
                0x0000381c       0x38 zephyr/libzephyr.a(onoff.c.obj)
 .text.notify_one
                0x00003854       0x2c zephyr/libzephyr.a(onoff.c.obj)
 .text.transition_complete
                0x00003880       0x1c zephyr/libzephyr.a(onoff.c.obj)
 .text.validate_args
                0x0000389c       0x1e zephyr/libzephyr.a(onoff.c.obj)
 .text.onoff_manager_init
                0x000038ba       0x26 zephyr/libzephyr.a(onoff.c.obj)
                0x000038ba                onoff_manager_init
 .text.onoff_request
                0x000038e0       0x92 zephyr/libzephyr.a(onoff.c.obj)
                0x000038e0                onoff_request
 .text.z_thread_entry
                0x00003972       0x14 zephyr/libzephyr.a(thread_entry.c.obj)
                0x00003972                z_thread_entry
 .text.encode_uint
                0x00003986       0x8c zephyr/libzephyr.a(cbprintf_complete.c.obj)
 .text.outs     0x00003a12       0x2c zephyr/libzephyr.a(cbprintf_complete.c.obj)
 .text._ConfigAbsSyms
                0x00003a3e        0x2 zephyr/libzephyr.a(configs.c.obj)
                0x00003a3e                _ConfigAbsSyms
 .text.pm_policy_next_state
                0x00003a40        0xa zephyr/libzephyr.a(policy_residency.c.obj)
                0x00003a40                pm_policy_next_state
 .text.get_status
                0x00003a4a       0x12 zephyr/libzephyr.a(clock_control_nrf.c.obj)
 .text.set_on_state
                0x00003a5c       0x26 zephyr/libzephyr.a(clock_control_nrf.c.obj)
 .text.stop     0x00003a82       0x52 zephyr/libzephyr.a(clock_control_nrf.c.obj)
 .text.api_stop
                0x00003ad4        0x6 zephyr/libzephyr.a(clock_control_nrf.c.obj)
 .text.async_start
                0x00003ada       0x62 zephyr/libzephyr.a(clock_control_nrf.c.obj)
 .text.api_start
                0x00003b3c        0xe zephyr/libzephyr.a(clock_control_nrf.c.obj)
 .text.onoff_started_callback
                0x00003b4a       0x12 zephyr/libzephyr.a(clock_control_nrf.c.obj)
 .text.lfclk_stop
                0x00003b5c        0x6 zephyr/libzephyr.a(clock_control_nrf.c.obj)
 .text.blocking_start_callback
                0x00003b62        0x6 zephyr/libzephyr.a(clock_control_nrf.c.obj)
 .text.sys_clock_isr
                0x00003b68        0x2 zephyr/libzephyr.a(sys_clock_init.c.obj)
                0x00003b68                sys_clock_isr
 .text.sys_clock_idle_exit
                0x00003b6a        0x2 zephyr/libzephyr.a(sys_clock_init.c.obj)
                0x00003b6a                sys_clock_idle_exit
 .text.z_irq_spurious
                0x00003b6c        0x8 zephyr/arch/arch/arm/core/aarch32/libarch__arm__core__aarch32.a(irq_manage.c.obj)
                0x00003b6c                z_irq_spurious
 .text.z_arm_fatal_error
                0x00003b74        0x4 zephyr/arch/arch/arm/core/aarch32/libarch__arm__core__aarch32.a(fatal.c.obj)
                0x00003b74                z_arm_fatal_error
 .text.z_do_kernel_oops
                0x00003b78        0x8 zephyr/arch/arch/arm/core/aarch32/libarch__arm__core__aarch32.a(fatal.c.obj)
                0x00003b78                z_do_kernel_oops
 .text.z_arm_nmi
                0x00003b80        0xe zephyr/arch/arch/arm/core/aarch32/libarch__arm__core__aarch32.a(nmi.c.obj)
                0x00003b80                z_arm_nmi
 .text.strlen   0x00003b8e        0xe zephyr/lib/libc/minimal/liblib__libc__minimal.a(string.c.obj)
                0x00003b8e                strlen
 .text.strnlen  0x00003b9c       0x12 zephyr/lib/libc/minimal/liblib__libc__minimal.a(string.c.obj)
                0x00003b9c                strnlen
 .text.strcmp   0x00003bae       0x18 zephyr/lib/libc/minimal/liblib__libc__minimal.a(string.c.obj)
                0x00003bae                strcmp
 .text.memcpy   0x00003bc6       0x16 zephyr/lib/libc/minimal/liblib__libc__minimal.a(string.c.obj)
                0x00003bc6                memcpy
 .text.memset   0x00003bdc       0x12 zephyr/lib/libc/minimal/liblib__libc__minimal.a(string.c.obj)
                0x00003bdc                memset
 .text._stdout_hook_default
                0x00003bee        0x6 zephyr/lib/libc/minimal/liblib__libc__minimal.a(stdout_console.c.obj)
 .text.pm_power_state_set
                0x00003bf4       0x26 zephyr/soc/arm/nordic_nrf/nrf52/libsoc__arm__nordic_nrf__nrf52.a(power.c.obj)
                0x00003bf4                pm_power_state_set
 .text.pm_power_state_exit_post_ops
                0x00003c1a       0x16 zephyr/soc/arm/nordic_nrf/nrf52/libsoc__arm__nordic_nrf__nrf52.a(power.c.obj)
                0x00003c1a                pm_power_state_exit_post_ops
 .text.nrf_gpio_cfg_sense_set
                0x00003c30       0x1c zephyr/drivers/gpio/libdrivers__gpio.a(gpio_nrfx.c.obj)
 .text.gpio_nrfx_port_get_raw
                0x00003c4c        0xe zephyr/drivers/gpio/libdrivers__gpio.a(gpio_nrfx.c.obj)
 .text.gpio_nrfx_port_set_masked_raw
                0x00003c5a       0x16 zephyr/drivers/gpio/libdrivers__gpio.a(gpio_nrfx.c.obj)
 .text.gpio_nrfx_port_set_bits_raw
                0x00003c70        0xc zephyr/drivers/gpio/libdrivers__gpio.a(gpio_nrfx.c.obj)
 .text.gpio_nrfx_port_clear_bits_raw
                0x00003c7c        0xc zephyr/drivers/gpio/libdrivers__gpio.a(gpio_nrfx.c.obj)
 .text.gpio_nrfx_port_toggle_bits
                0x00003c88       0x12 zephyr/drivers/gpio/libdrivers__gpio.a(gpio_nrfx.c.obj)
 .text.gpio_nrfx_manage_callback
                0x00003c9a       0x54 zephyr/drivers/gpio/libdrivers__gpio.a(gpio_nrfx.c.obj)
 .text.uart_nrfx_config_get
                0x00003cee       0x10 zephyr/drivers/serial/libdrivers__serial.a(uart_nrfx_uart.c.obj)
 .text.k_sys_fatal_error_handler
                0x00003cfe        0x8 modules/nrf/lib/fatal_error/lib..__nrf__lib__fatal_error.a(fatal_error.c.obj)
                0x00003cfe                k_sys_fatal_error_handler
 .text.nrf52_errata_12
                0x00003d06       0x1c modules/hal_nordic/nrfx/libmodules__hal_nordic__nrfx.a(system_nrf52.c.obj)
 .text.nrfx_isr
                0x00003d22        0x2 modules/hal_nordic/nrfx/libmodules__hal_nordic__nrfx.a(nrfx_glue.c.obj)
                0x00003d22                nrfx_isr
 .text.nrfx_busy_wait
                0x00003d24        0x4 modules/hal_nordic/nrfx/libmodules__hal_nordic__nrfx.a(nrfx_glue.c.obj)
                0x00003d24                nrfx_busy_wait
 .text.nrfx_clock_enable
                0x00003d28       0x14 modules/hal_nordic/nrfx/libmodules__hal_nordic__nrfx.a(nrfx_clock.c.obj)
                0x00003d28                nrfx_clock_enable
 .text.z_device_state_init
                0x00003d3c        0x2 zephyr/kernel/libkernel.a(device.c.obj)
                0x00003d3c                z_device_state_init
 .text.z_device_ready
                0x00003d3e       0x14 zephyr/kernel/libkernel.a(device.c.obj)
                0x00003d3e                z_device_ready
 .text.z_fatal_error
                0x00003d52       0x36 zephyr/kernel/libkernel.a(fatal.c.obj)
                0x00003d52                z_fatal_error
 .text.k_is_in_isr
                0x00003d88        0xc zephyr/kernel/libkernel.a(thread.c.obj)
                0x00003d88                k_is_in_isr
 .text.z_pm_save_idle_exit
                0x00003d94        0xe zephyr/kernel/libkernel.a(idle.c.obj)
                0x00003d94                z_pm_save_idle_exit
 .text.sys_dlist_remove
                0x00003da2       0x10 zephyr/kernel/libkernel.a(sched.c.obj)
 .text.unpend_thread_no_timeout
                0x00003db2       0x14 zephyr/kernel/libkernel.a(sched.c.obj)
 .text.z_reschedule_irqlock
                0x00003dc6       0x18 zephyr/kernel/libkernel.a(sched.c.obj)
                0x00003dc6                z_reschedule_irqlock
 .text.z_reschedule_unlocked
                0x00003dde       0x14 zephyr/kernel/libkernel.a(sched.c.obj)
 .text.z_priq_dumb_best
                0x00003df2        0xc zephyr/kernel/libkernel.a(sched.c.obj)
                0x00003df2                z_priq_dumb_best
 .text.add_to_waitq_locked
                0x00003dfe       0x54 zephyr/kernel/libkernel.a(sched.c.obj)
 .text.z_ready_thread
                0x00003e52       0x20 zephyr/kernel/libkernel.a(sched.c.obj)
                0x00003e52                z_ready_thread
 .text.z_thread_timeout
                0x00003e72       0x44 zephyr/kernel/libkernel.a(sched.c.obj)
                0x00003e72                z_thread_timeout
 .text.z_unpend_first_thread
                0x00003eb6       0x30 zephyr/kernel/libkernel.a(sched.c.obj)
                0x00003eb6                z_unpend_first_thread
 .text.z_abort_timeout
                0x00003ee6       0x2c zephyr/kernel/libkernel.a(timeout.c.obj)
                0x00003ee6                z_abort_timeout
 .text.z_get_next_timeout_expiry
                0x00003f12       0x20 zephyr/kernel/libkernel.a(timeout.c.obj)
                0x00003f12                z_get_next_timeout_expiry
 .text.z_set_timeout_expiry
                0x00003f32       0x34 zephyr/kernel/libkernel.a(timeout.c.obj)
                0x00003f32                z_set_timeout_expiry
 .text.sys_clock_tick_get_32
                0x00003f66        0x8 zephyr/kernel/libkernel.a(timeout.c.obj)
                0x00003f66                sys_clock_tick_get_32
 .text.z_impl_k_busy_wait
                0x00003f6e        0x8 zephyr/kernel/libkernel.a(timeout.c.obj)
                0x00003f6e                z_impl_k_busy_wait
 *(SORT_BY_ALIGNMENT(.TEXT.*))
 *fill*         0x00003f76        0x2 
 .TEXT.z_platform_init
                0x00003f78        0x4 zephyr/libzephyr.a(soc_nrf_common.S.obj)
                0x00003f78                z_platform_init
 *(SORT_BY_ALIGNMENT(.gnu.linkonce.t.*))
 *(SORT_BY_ALIGNMENT(.glue_7t))
 .glue_7t       0x00003f7c        0x0 linker stubs
 *(SORT_BY_ALIGNMENT(.glue_7))
 .glue_7        0x00003f7c        0x0 linker stubs
 *(SORT_BY_ALIGNMENT(.vfp11_veneer))
 .vfp11_veneer  0x00003f7c        0x0 linker stubs
 *(SORT_BY_ALIGNMENT(.v4_bx))
 .v4_bx         0x00003f7c        0x0 linker stubs
                0x00003f7c                _image_text_end = .

.ARM.exidx      0x00003f7c        0x8
                0x00003f7c                __exidx_start = .
 *(SORT_BY_ALIGNMENT(.ARM.exidx*) SORT_BY_ALIGNMENT(gnu.linkonce.armexidx.*))
 .ARM.exidx     0x00003f7c        0x8 c:/gnuarmemb/10.2021.07/bin/../lib/gcc/arm-none-eabi/10.3.1/thumb/v7e-m/nofp\libgcc.a(_udivmoddi4.o)
                0x00003f84                __exidx_end = .
                0x00003f84                _image_rodata_start = .

initlevel       0x00003f84       0x30
                0x00003f84                __init_start = .
                0x00003f84                __init_PRE_KERNEL_1_start = .
 *(SORT_BY_NAME(SORT_BY_ALIGNMENT(.z_init_PRE_KERNEL_1[0-9]_*)))
 .z_init_PRE_KERNEL_10_
                0x00003f84        0x8 zephyr/soc/arm/nordic_nrf/nrf52/libsoc__arm__nordic_nrf__nrf52.a(soc.c.obj)
 *(SORT_BY_NAME(SORT_BY_ALIGNMENT(.z_init_PRE_KERNEL_1[1-9][0-9]_*)))
 .z_init_PRE_KERNEL_150_
                0x00003f8c        0x8 zephyr/libzephyr.a(clock_control_nrf.c.obj)
 .z_init_PRE_KERNEL_150_
                0x00003f94        0x8 zephyr/drivers/serial/libdrivers__serial.a(uart_nrfx_uart.c.obj)
 .z_init_PRE_KERNEL_160_
                0x00003f9c        0x8 zephyr/libzephyr.a(uart_console.c.obj)
                0x00003fa4                __init_PRE_KERNEL_2_start = .
 *(SORT_BY_NAME(SORT_BY_ALIGNMENT(.z_init_PRE_KERNEL_2[0-9]_*)))
 .z_init_PRE_KERNEL_20_
                0x00003fa4        0x8 zephyr/libzephyr.a(sys_clock_init.c.obj)
 *(SORT_BY_NAME(SORT_BY_ALIGNMENT(.z_init_PRE_KERNEL_2[1-9][0-9]_*)))
                0x00003fac                __init_POST_KERNEL_start = .
 *(SORT_BY_NAME(SORT_BY_ALIGNMENT(.z_init_POST_KERNEL[0-9]_*)))
 *(SORT_BY_NAME(SORT_BY_ALIGNMENT(.z_init_POST_KERNEL[1-9][0-9]_*)))
 .z_init_POST_KERNEL40_
                0x00003fac        0x8 zephyr/drivers/gpio/libdrivers__gpio.a(gpio_nrfx.c.obj)
                0x00003fb4                __init_APPLICATION_start = .
 *(SORT_BY_NAME(SORT_BY_ALIGNMENT(.z_init_APPLICATION[0-9]_*)))
 *(SORT_BY_NAME(SORT_BY_ALIGNMENT(.z_init_APPLICATION[1-9][0-9]_*)))
                0x00003fb4                __init_SMP_start = .
 *(SORT_BY_NAME(SORT_BY_ALIGNMENT(.z_init_SMP[0-9]_*)))
 *(SORT_BY_NAME(SORT_BY_ALIGNMENT(.z_init_SMP[1-9][0-9]_*)))
                0x00003fb4                __init_end = .

devices         0x00003fb4       0x60
                0x00003fb4                __device_start = .
                0x00003fb4                __device_PRE_KERNEL_1_start = .
 *(SORT_BY_NAME(SORT_BY_ALIGNMENT(.z_device_PRE_KERNEL_1[0-9]_*)))
 *(SORT_BY_NAME(SORT_BY_ALIGNMENT(.z_device_PRE_KERNEL_1[1-9][0-9]_*)))
 .z_device_PRE_KERNEL_150_
                0x00003fb4       0x18 zephyr/libzephyr.a(clock_control_nrf.c.obj)
                0x00003fb4                __device_dts_ord_21
 .z_device_PRE_KERNEL_150_
                0x00003fcc       0x18 zephyr/drivers/serial/libdrivers__serial.a(uart_nrfx_uart.c.obj)
                0x00003fcc                __device_dts_ord_44
                0x00003fe4                __device_PRE_KERNEL_2_start = .
 *(SORT_BY_NAME(SORT_BY_ALIGNMENT(.z_device_PRE_KERNEL_2[0-9]_*)))
 .z_device_PRE_KERNEL_20_
                0x00003fe4       0x18 zephyr/libzephyr.a(sys_clock_init.c.obj)
 *(SORT_BY_NAME(SORT_BY_ALIGNMENT(.z_device_PRE_KERNEL_2[1-9][0-9]_*)))
                0x00003ffc                __device_POST_KERNEL_start = .
 *(SORT_BY_NAME(SORT_BY_ALIGNMENT(.z_device_POST_KERNEL[0-9]_*)))
 *(SORT_BY_NAME(SORT_BY_ALIGNMENT(.z_device_POST_KERNEL[1-9][0-9]_*)))
 .z_device_POST_KERNEL40_
                0x00003ffc       0x18 zephyr/drivers/gpio/libdrivers__gpio.a(gpio_nrfx.c.obj)
                0x00003ffc                __device_dts_ord_9
                0x00004014                __device_APPLICATION_start = .
 *(SORT_BY_NAME(SORT_BY_ALIGNMENT(.z_device_APPLICATION[0-9]_*)))
 *(SORT_BY_NAME(SORT_BY_ALIGNMENT(.z_device_APPLICATION[1-9][0-9]_*)))
                0x00004014                __device_SMP_start = .
 *(SORT_BY_NAME(SORT_BY_ALIGNMENT(.z_device_SMP[0-9]_*)))
 *(SORT_BY_NAME(SORT_BY_ALIGNMENT(.z_device_SMP[1-9][0-9]_*)))
                0x00004014                __device_end = .

sw_isr_table    0x00004014      0x138
                0x00004014                . = ALIGN (0x0)
 *(SORT_BY_ALIGNMENT(.gnu.linkonce.sw_isr_table*))
 .gnu.linkonce.sw_isr_table
                0x00004014      0x138 zephyr/arch/common/libisr_tables.a(isr_tables.c.obj)
                0x00004014                _sw_isr_table

initlevel_error
                0x00003f84        0x0
 *(SORT_BY_NAME(SORT_BY_ALIGNMENT(.z_init_[_A-Z0-9]*)))
                0x00000001                ASSERT ((SIZEOF (initlevel_error) == 0x0), Undefined initialization levels used.)

app_shmem_regions
                0x0000414c        0x0
                0x0000414c                __app_shmem_regions_start = .
 *(SORT_BY_NAME(SORT_BY_ALIGNMENT(.app_regions.*)))
                0x0000414c                __app_shmem_regions_end = .

bt_l2cap_fixed_chan_area
                0x0000414c        0x0
                0x0000414c                _bt_l2cap_fixed_chan_list_start = .
 *(SORT_BY_NAME(SORT_BY_ALIGNMENT(._bt_l2cap_fixed_chan.static.*)))
                0x0000414c                _bt_l2cap_fixed_chan_list_end = .

bt_gatt_service_static_area
                0x0000414c        0x0
                0x0000414c                _bt_gatt_service_static_list_start = .
 *(SORT_BY_NAME(SORT_BY_ALIGNMENT(._bt_gatt_service_static.static.*)))
                0x0000414c                _bt_gatt_service_static_list_end = .

k_p4wq_initparam_area
                0x0000414c        0x0
                0x0000414c                _k_p4wq_initparam_list_start = .
 *(SORT_BY_NAME(SORT_BY_ALIGNMENT(._k_p4wq_initparam.static.*)))
                0x0000414c                _k_p4wq_initparam_list_end = .

log_strings_sections
                0x0000414c        0x0
                0x0000414c                __log_strings_start = .
 *(SORT_BY_NAME(SORT_BY_ALIGNMENT(.log_strings*)))
                0x0000414c                __log_strings_end = .

log_const_sections
                0x0000414c        0x0
                0x0000414c                __log_const_start = .
 *(SORT_BY_NAME(SORT_BY_ALIGNMENT(.log_const_*)))
                0x0000414c                __log_const_end = .

log_backends_sections
                0x0000414c        0x0
                0x0000414c                __log_backends_start = .
 *(SORT_BY_ALIGNMENT(._log_backend.*))
                0x0000414c                __log_backends_end = .

shell_area      0x0000414c        0x0
                0x0000414c                _shell_list_start = .
 *(SORT_BY_NAME(SORT_BY_ALIGNMENT(._shell.static.*)))
                0x0000414c                _shell_list_end = .

shell_root_cmds_sections
                0x0000414c        0x0
                0x0000414c                __shell_root_cmds_start = .
 *(SORT_BY_NAME(SORT_BY_ALIGNMENT(.shell_root_cmd_*)))
                0x0000414c                __shell_root_cmds_end = .

font_entry_sections
                0x0000414c        0x0
                0x0000414c                __font_entry_start = .
 *(SORT_BY_NAME(SORT_BY_ALIGNMENT(._cfb_font.*)))
                0x0000414c                __font_entry_end = .

tracing_backend_area
                0x0000414c        0x0
                0x0000414c                _tracing_backend_list_start = .
 *(SORT_BY_NAME(SORT_BY_ALIGNMENT(._tracing_backend.static.*)))
                0x0000414c                _tracing_backend_list_end = .

zephyr_dbg_info
 *(SORT_BY_ALIGNMENT(.dbg_thread_info))

device_handles  0x0000414c       0x22
                0x0000414c                __device_handles_start = .
 *(SORT_BY_NAME(SORT_BY_ALIGNMENT(.__device_handles_pass1*)))
 .__device_handles_pass1
                0x0000414c        0xa zephyr/libzephyr.a(clock_control_nrf.c.obj)
                0x0000414c                __devicehdl_DT_N_S_soc_S_clock_40000000
 .__device_handles_pass1
                0x00004156        0x6 zephyr/libzephyr.a(sys_clock_init.c.obj)
                0x00004156                __devicehdl_sys_init_sys_clock_driver_init0
 .__device_handles_pass1
                0x0000415c        0x8 zephyr/drivers/gpio/libdrivers__gpio.a(gpio_nrfx.c.obj)
                0x0000415c                __devicehdl_DT_N_S_soc_S_gpio_50000000
 .__device_handles_pass1
                0x00004164        0xa zephyr/drivers/serial/libdrivers__serial.a(uart_nrfx_uart.c.obj)
                0x00004164                __devicehdl_DT_N_S_soc_S_uart_40002000
                0x0000416e                __device_handles_end = .

rodata          0x00004170      0x1fc
 *(SORT_BY_ALIGNMENT(.rodata))
 .rodata        0x00004170       0x14 app/libapp.a(main.c.obj)
 *(SORT_BY_ALIGNMENT(.rodata.*))
 *fill*         0x00004184        0xc 
 .rodata.delay_machine_code.0
                0x00004190        0x6 zephyr/soc/arm/nordic_nrf/nrf52/libsoc__arm__nordic_nrf__nrf52.a(soc.c.obj)
 *fill*         0x00004196        0x2 
 .rodata.clock_control_api
                0x00004198       0x14 zephyr/libzephyr.a(clock_control_nrf.c.obj)
 .rodata.config
                0x000041ac       0x10 zephyr/libzephyr.a(clock_control_nrf.c.obj)
 .rodata.transitions.0
                0x000041bc        0xc zephyr/libzephyr.a(clock_control_nrf.c.obj)
 .rodata.static_regions
                0x000041c8        0xc zephyr/arch/arch/arm/core/aarch32/mpu/libarch__arm__core__aarch32__mpu.a(arm_core_mpu.c.obj)
 .rodata.mpu_config
                0x000041d4        0x8 zephyr/soc/arm/common/cortex_m/libsoc__arm__common__cortex_m.a(arm_mpu_regions.c.obj)
                0x000041d4                mpu_config
 .rodata.mpu_regions
                0x000041dc       0x18 zephyr/soc/arm/common/cortex_m/libsoc__arm__common__cortex_m.a(arm_mpu_regions.c.obj)
 .rodata.gpio_nrfx_drv_api_funcs
                0x000041f4       0x24 zephyr/drivers/gpio/libdrivers__gpio.a(gpio_nrfx.c.obj)
 .rodata.gpio_nrfx_p0_cfg
                0x00004218        0xc zephyr/drivers/gpio/libdrivers__gpio.a(gpio_nrfx.c.obj)
 .rodata.uart_nrfx_uart_driver_api
                0x00004224       0x14 zephyr/drivers/serial/libdrivers__serial.a(uart_nrfx_uart.c.obj)
 .rodata.levels.0
                0x00004238       0x14 zephyr/kernel/libkernel.a(device.c.obj)
 .rodata._k_neg_eagain
                0x0000424c        0x4 zephyr/kernel/libkernel.a(errno.c.obj)
                0x0000424c                _k_neg_eagain
 .rodata.data_handler.str1.1
                0x00004250       0x59 app/libapp.a(main.c.obj)
 .rodata.print_sound.str1.1
                0x000042a9        0x9 app/libapp.a(main.c.obj)
 .rodata.get_sound_init.str1.1
                0x000042b2       0x21 app/libapp.a(main.c.obj)
 .rodata.main.str1.1
                0x000042d3       0x16 app/libapp.a(main.c.obj)
 .rodata.cbvprintf.str1.1
                0x000042e9        0x6 zephyr/libzephyr.a(cbprintf_complete.c.obj)
 .rodata.uart_console_init.str1.1
                0x000042ef        0x7 zephyr/libzephyr.a(uart_console.c.obj)
 .rodata.str1.1
                0x000042f6        0x6 zephyr/libzephyr.a(clock_control_nrf.c.obj)
 .rodata.str1.1
                0x000042fc        0xa zephyr/libzephyr.a(sys_clock_init.c.obj)
 .rodata.str1.1
                0x00004306        0xf zephyr/soc/arm/common/cortex_m/libsoc__arm__common__cortex_m.a(arm_mpu_regions.c.obj)
 .rodata.str1.1
                0x00004315        0x7 zephyr/drivers/gpio/libdrivers__gpio.a(gpio_nrfx.c.obj)
 .rodata.str1.1
                0x0000431c        0x7 zephyr/drivers/serial/libdrivers__serial.a(uart_nrfx_uart.c.obj)
 .rodata.CSWTCH.14
                0x0000431c        0x5 modules/hal_nordic/nrfx/libmodules__hal_nordic__nrfx.a(system_nrf52.c.obj)
 .rodata.CSWTCH.18
                0x00004321        0x5 modules/hal_nordic/nrfx/libmodules__hal_nordic__nrfx.a(system_nrf52.c.obj)
 .rodata.CSWTCH.20
                0x00004326        0x5 modules/hal_nordic/nrfx/libmodules__hal_nordic__nrfx.a(system_nrf52.c.obj)
 .rodata.CSWTCH.4
                0x0000432b        0x5 modules/hal_nordic/nrfx/libmodules__hal_nordic__nrfx.a(system_nrf52.c.obj)
 .rodata.z_cstart.str1.1
                0x00004330        0x5 zephyr/kernel/libkernel.a(init.c.obj)
 .rodata.boot_banner.str1.1
                0x00004335       0x34 zephyr/kernel/libkernel.a(banner.c.obj)
                                 0x35 (size before relaxing)
 *(SORT_BY_ALIGNMENT(.gnu.linkonce.r.*))
                0x0000436c                . = ALIGN (0x4)
 *fill*         0x00004369        0x3 
                0x0000436c                _image_rodata_end = .
                0x00004380                . = ALIGN (_region_min_align)
                0x00008000                . = ALIGN ((0x1 << LOG2CEIL ((_image_rodata_end - _image_rom_start))))
                0x00008000                _image_rom_end = .

/DISCARD/
 *(SORT_BY_ALIGNMENT(.got.plt))
 *(SORT_BY_ALIGNMENT(.igot.plt))
 *(SORT_BY_ALIGNMENT(.got))
 *(SORT_BY_ALIGNMENT(.igot))
                0x20000000                . = 0x20000000
                0x20000000                . = ALIGN (_region_min_align)
                0x20000000                _image_ram_start = .

.ramfunc        0x20000000        0x0 load address 0x0000436c
                0x20000000                . = ALIGN (_region_min_align)
                0x20000000                . = ALIGN ((0x1 << LOG2CEIL (_ramfunc_ram_size)))
                0x20000000                _ramfunc_ram_start = .
 *(SORT_BY_ALIGNMENT(.ramfunc))
 *(SORT_BY_ALIGNMENT(.ramfunc.*))
                0x20000000                . = ALIGN (_region_min_align)
                0x20000000                . = ALIGN ((0x1 << LOG2CEIL (_ramfunc_ram_size)))
                0x20000000                _ramfunc_ram_end = .
                0x00000000                _ramfunc_ram_size = (_ramfunc_ram_end - _ramfunc_ram_start)
                0x0000436c                _ramfunc_rom_start = LOADADDR (.ramfunc)

datas           0x20000000       0x28 load address 0x0000436c
                0x20000000                __data_ram_start = .
 *(SORT_BY_ALIGNMENT(.data))
 *(SORT_BY_ALIGNMENT(.data.*))
 .data._char_out
                0x20000000        0x4 zephyr/libzephyr.a(printk.c.obj)
                0x20000000                _char_out
 .data.post_ops_done
                0x20000004        0x4 zephyr/libzephyr.a(power.c.obj)
 .data._stdout_hook
                0x20000008        0x4 zephyr/lib/libc/minimal/liblib__libc__minimal.a(stdout_console.c.obj)
 .data.uart_nrfx_uart0_data
                0x2000000c        0x8 zephyr/drivers/serial/libdrivers__serial.a(uart_nrfx_uart.c.obj)
 .data.SystemCoreClock
                0x20000014        0x4 modules/hal_nordic/nrfx/libmodules__hal_nordic__nrfx.a(system_nrf52.c.obj)
                0x20000014                SystemCoreClock
 .data.timeout_list
                0x20000018        0x8 zephyr/kernel/libkernel.a(timeout.c.obj)
 .data.pwm_seq.0
                0x20000020        0x4 app/libapp.a(main.c.obj)
 .data.pwm_seq2.1
                0x20000024        0x4 app/libapp.a(main.c.obj)
 *(SORT_BY_ALIGNMENT(.kernel.*))
                0x0000436c                __data_rom_start = LOADADDR (datas)

initshell       0x20000028        0x0 load address 0x00004394
                0x20000028                __shell_module_start = .
 *(SORT_BY_ALIGNMENT(.shell_module_*))
                0x20000028                __shell_module_end = .
                0x20000028                __shell_cmd_start = .
 *(SORT_BY_ALIGNMENT(.shell_cmd_*))
                0x20000028                __shell_cmd_end = .

log_dynamic_sections
                0x20000028        0x0 load address 0x00004394
                0x20000028                __log_dynamic_start = .
 *(SORT_BY_NAME(SORT_BY_ALIGNMENT(.log_dynamic_*)))
                0x20000028                __log_dynamic_end = .

_static_thread_data_area
                0x20000028        0x0 load address 0x00004394
                0x20000028                __static_thread_data_list_start = .
 *(SORT_BY_NAME(SORT_BY_ALIGNMENT(.__static_thread_data.static.*)))
                0x20000028                __static_thread_data_list_end = .

k_timer_area    0x20000028        0x0 load address 0x00004394
                0x20000028                _k_timer_list_start = .
 *(SORT_BY_NAME(SORT_BY_ALIGNMENT(._k_timer.static.*)))
                0x20000028                _k_timer_list_end = .

k_mem_slab_area
                0x20000028        0x0 load address 0x00004394
                0x20000028                _k_mem_slab_list_start = .
 *(SORT_BY_NAME(SORT_BY_ALIGNMENT(._k_mem_slab.static.*)))
                0x20000028                _k_mem_slab_list_end = .

k_mem_pool_area
                0x20000028        0x0 load address 0x00004394
                0x20000028                _k_mem_pool_list_start = .
 *(SORT_BY_NAME(SORT_BY_ALIGNMENT(._k_mem_pool.static.*)))
                0x20000028                _k_mem_pool_list_end = .

k_heap_area     0x20000028        0x0 load address 0x00004394
                0x20000028                _k_heap_list_start = .
 *(SORT_BY_NAME(SORT_BY_ALIGNMENT(._k_heap.static.*)))
                0x20000028                _k_heap_list_end = .

k_mutex_area    0x20000028        0x0 load address 0x00004394
                0x20000028                _k_mutex_list_start = .
 *(SORT_BY_NAME(SORT_BY_ALIGNMENT(._k_mutex.static.*)))
                0x20000028                _k_mutex_list_end = .

k_stack_area    0x20000028        0x0 load address 0x00004394
                0x20000028                _k_stack_list_start = .
 *(SORT_BY_NAME(SORT_BY_ALIGNMENT(._k_stack.static.*)))
                0x20000028                _k_stack_list_end = .

k_msgq_area     0x20000028        0x0 load address 0x00004394
                0x20000028                _k_msgq_list_start = .
 *(SORT_BY_NAME(SORT_BY_ALIGNMENT(._k_msgq.static.*)))
                0x20000028                _k_msgq_list_end = .

k_mbox_area     0x20000028        0x0 load address 0x00004394
                0x20000028                _k_mbox_list_start = .
 *(SORT_BY_NAME(SORT_BY_ALIGNMENT(._k_mbox.static.*)))
                0x20000028                _k_mbox_list_end = .

k_pipe_area     0x20000028        0x0 load address 0x00004394
                0x20000028                _k_pipe_list_start = .
 *(SORT_BY_NAME(SORT_BY_ALIGNMENT(._k_pipe.static.*)))
                0x20000028                _k_pipe_list_end = .

k_sem_area      0x20000028        0x0 load address 0x00004394
                0x20000028                _k_sem_list_start = .
 *(SORT_BY_NAME(SORT_BY_ALIGNMENT(._k_sem.static.*)))
                0x20000028                _k_sem_list_end = .

k_queue_area    0x20000028        0x0 load address 0x00004394
                0x20000028                _k_queue_list_start = .
 *(SORT_BY_NAME(SORT_BY_ALIGNMENT(._k_queue.static.*)))
                0x20000028                _k_queue_list_end = .

k_condvar_area  0x20000028        0x0 load address 0x00004394
                0x20000028                _k_condvar_list_start = .
 *(SORT_BY_NAME(SORT_BY_ALIGNMENT(._k_condvar.static.*)))
                0x20000028                _k_condvar_list_end = .

_net_buf_pool_area
                0x20000028        0x0 load address 0x00004394
                0x20000028                _net_buf_pool_list = .
 *(SORT_BY_NAME(SORT_BY_ALIGNMENT(._net_buf_pool.static.*)))
                0x20000028                __data_ram_end = .

bss             0x20000028      0xa85
                0x20000028                . = ALIGN (0x4)
                0x20000028                __bss_start = .
                0x20000028                __kernel_ram_start = .
 *(SORT_BY_ALIGNMENT(.bss))
 *(SORT_BY_ALIGNMENT(.bss.*))
 .bss.z_idle_threads
                0x20000028       0x80 zephyr/kernel/libkernel.a(init.c.obj)
                0x20000028                z_idle_threads
 .bss.z_main_thread
                0x200000a8       0x80 zephyr/kernel/libkernel.a(init.c.obj)
                0x200000a8                z_main_thread
 .bss.curr_tick
                0x20000128        0x8 zephyr/kernel/libkernel.a(timeout.c.obj)
 .bss.initial_buffers
                0x20000130        0x8 app/libapp.a(main.c.obj)
 .bss.m_buffer_rx32u
                0x20000138      0x800 app/libapp.a(main.c.obj)
 .bss.pm_notifiers
                0x20000938        0x8 zephyr/libzephyr.a(power.c.obj)
 .bss.z_power_state
                0x20000940        0xc zephyr/libzephyr.a(power.c.obj)
 .bss.uart_console_dev
                0x2000094c        0x4 zephyr/libzephyr.a(uart_console.c.obj)
 .bss.__devstate_dts_ord_21
                0x20000950        0x4 zephyr/libzephyr.a(clock_control_nrf.c.obj)
 .bss.cli.2     0x20000954       0x10 zephyr/libzephyr.a(clock_control_nrf.c.obj)
 .bss.data      0x20000964       0x50 zephyr/libzephyr.a(clock_control_nrf.c.obj)
 .bss.hfclk_users
                0x200009b4        0x4 zephyr/libzephyr.a(clock_control_nrf.c.obj)
 .bss.on.3      0x200009b8        0x4 zephyr/libzephyr.a(clock_control_nrf.c.obj)
 .bss.__devstate_sys_init_sys_clock_driver_init0
                0x200009bc        0x4 zephyr/libzephyr.a(sys_clock_init.c.obj)
 .bss.cc_data   0x200009c0        0x8 zephyr/libzephyr.a(nrf_rtc_timer.c.obj)
 .bss.int_mask  0x200009c8        0x4 zephyr/libzephyr.a(nrf_rtc_timer.c.obj)
 .bss.last_count
                0x200009cc        0x4 zephyr/libzephyr.a(nrf_rtc_timer.c.obj)
 .bss.__devstate_dts_ord_9
                0x200009d0        0x4 zephyr/drivers/gpio/libdrivers__gpio.a(gpio_nrfx.c.obj)
 .bss.gpio_nrfx_p0_data
                0x200009d4       0x1c zephyr/drivers/gpio/libdrivers__gpio.a(gpio_nrfx.c.obj)
 .bss.__devstate_dts_ord_44
                0x200009f0        0x4 zephyr/drivers/serial/libdrivers__serial.a(uart_nrfx_uart.c.obj)
 .bss.poll_out_lock.0
                0x200009f4        0x4 zephyr/drivers/serial/libdrivers__serial.a(uart_nrfx_uart.c.obj)
 .bss.m_clock_cb
                0x200009f8        0x8 modules/hal_nordic/nrfx/libmodules__hal_nordic__nrfx.a(nrfx_clock.c.obj)
 .bss.m_cb      0x20000a00       0x50 modules/hal_nordic/nrfx/libmodules__hal_nordic__nrfx.a(nrfx_gpiote.c.obj)
 .bss.m_cb      0x20000a50       0x18 modules/hal_nordic/nrfx/libmodules__hal_nordic__nrfx.a(nrfx_i2s.c.obj)
 .bss._kernel   0x20000a68       0x30 zephyr/kernel/libkernel.a(init.c.obj)
                0x20000a68                _kernel
 .bss.pending_current
                0x20000a98        0x4 zephyr/kernel/libkernel.a(sched.c.obj)
 .bss.slice_max_prio
                0x20000a9c        0x4 zephyr/kernel/libkernel.a(sched.c.obj)
 .bss.slice_time
                0x20000aa0        0x4 zephyr/kernel/libkernel.a(sched.c.obj)
 .bss.announce_remaining
                0x20000aa4        0x4 zephyr/kernel/libkernel.a(timeout.c.obj)
 .bss.data_ready_flag
                0x20000aa8        0x1 app/libapp.a(main.c.obj)
 .bss.once.1    0x20000aa9        0x1 zephyr/libzephyr.a(clock_control_nrf.c.obj)
 .bss.static_regions_num
                0x20000aaa        0x1 zephyr/arch/arch/arm/core/aarch32/mpu/libarch__arm__core__aarch32__mpu.a(arm_mpu.c.obj)
 .bss.gpio_initialized.0
                0x20000aab        0x1 zephyr/drivers/gpio/libdrivers__gpio.a(gpio_nrfx.c.obj)
 .bss.z_sys_post_kernel
                0x20000aac        0x1 zephyr/kernel/libkernel.a(init.c.obj)
                0x20000aac                z_sys_post_kernel
 .bss.lock      0x20000aad        0x0 zephyr/kernel/libkernel.a(sem.c.obj)
 .bss.sched_spinlock
                0x20000aad        0x0 zephyr/kernel/libkernel.a(sched.c.obj)
                0x20000aad                sched_spinlock
 *(SORT_BY_ALIGNMENT(COMMON))
 *(SORT_BY_ALIGNMENT(.kernel_bss.*))
                0x20000ab0                __bss_end = ALIGN (0x4)

noinit          0x20000ab0      0xd40
 *(SORT_BY_ALIGNMENT(.noinit))
 *(SORT_BY_ALIGNMENT(.noinit.*))
 .noinit."WEST_TOPDIR/zephyr/kernel/init.c".1
                0x20000ab0      0x400 zephyr/kernel/libkernel.a(init.c.obj)
                0x20000ab0                z_main_stack
 .noinit."WEST_TOPDIR/zephyr/kernel/init.c".2
                0x20000eb0      0x140 zephyr/kernel/libkernel.a(init.c.obj)
 .noinit."WEST_TOPDIR/zephyr/kernel/init.c".3
                0x20000ff0      0x800 zephyr/kernel/libkernel.a(init.c.obj)
                0x20000ff0                z_interrupt_stacks
 *(SORT_BY_ALIGNMENT(.kernel_noinit.*))
                0x200017f0                _image_ram_end = .
                0x200017f0                _end = .
                0x20010000                __kernel_ram_end = 0x20010000
                0x0000ffd8                __kernel_ram_size = (__kernel_ram_end - __kernel_ram_start)

.intList        0x20010000       0x48
 *(SORT_BY_ALIGNMENT(.irq_info*))
 .irq_info      0x20010000        0x8 zephyr/arch/common/libisr_tables.a(isr_tables.c.obj)
                0x20010000                _iheader
 *(SORT_BY_ALIGNMENT(.intList*))
 .intList       0x20010008       0x10 app/libapp.a(main.c.obj)
 .intList       0x20010018       0x10 zephyr/libzephyr.a(clock_control_nrf.c.obj)
 .intList       0x20010028       0x10 zephyr/libzephyr.a(nrf_rtc_timer.c.obj)
 .intList       0x20010038       0x10 zephyr/drivers/gpio/libdrivers__gpio.a(gpio_nrfx.c.obj)

.stab
 *(SORT_BY_ALIGNMENT(.stab))

.stabstr
 *(SORT_BY_ALIGNMENT(.stabstr))

.stab.excl
 *(SORT_BY_ALIGNMENT(.stab.excl))

.stab.exclstr
 *(SORT_BY_ALIGNMENT(.stab.exclstr))

.stab.index
 *(SORT_BY_ALIGNMENT(.stab.index))

.stab.indexstr
 *(SORT_BY_ALIGNMENT(.stab.indexstr))

.gnu.build.attributes
 *(SORT_BY_ALIGNMENT(.gnu.build.attributes) SORT_BY_ALIGNMENT(.gnu.build.attributes.*))

.comment        0x00000000       0x49
 *(SORT_BY_ALIGNMENT(.comment))
 .comment       0x00000000       0x49 zephyr/CMakeFiles/offsets.dir/./arch/arm/core/offsets/offsets.c.obj
                                 0x4a (size before relaxing)
 .comment       0x00000049       0x4a app/libapp.a(main.c.obj)
 .comment       0x00000049       0x4a zephyr/libzephyr.a(notify.c.obj)
 .comment       0x00000049       0x4a zephyr/libzephyr.a(printk.c.obj)
 .comment       0x00000049       0x4a zephyr/libzephyr.a(onoff.c.obj)
 .comment       0x00000049       0x4a zephyr/libzephyr.a(thread_entry.c.obj)
 .comment       0x00000049       0x4a zephyr/libzephyr.a(cbprintf_complete.c.obj)
 .comment       0x00000049       0x4a zephyr/libzephyr.a(configs.c.obj)
 .comment       0x00000049       0x4a zephyr/libzephyr.a(power.c.obj)
 .comment       0x00000049       0x4a zephyr/libzephyr.a(policy_residency.c.obj)
 .comment       0x00000049       0x4a zephyr/libzephyr.a(uart_console.c.obj)
 .comment       0x00000049       0x4a zephyr/libzephyr.a(clock_control_nrf.c.obj)
 .comment       0x00000049       0x4a zephyr/libzephyr.a(sys_clock_init.c.obj)
 .comment       0x00000049       0x4a zephyr/libzephyr.a(nrf_rtc_timer.c.obj)
 .comment       0x00000049       0x4a zephyr/arch/arch/arm/core/aarch32/libarch__arm__core__aarch32.a(swap.c.obj)
 .comment       0x00000049       0x4a zephyr/arch/arch/arm/core/aarch32/libarch__arm__core__aarch32.a(irq_manage.c.obj)
 .comment       0x00000049       0x4a zephyr/arch/arch/arm/core/aarch32/libarch__arm__core__aarch32.a(thread.c.obj)
 .comment       0x00000049       0x4a zephyr/arch/arch/arm/core/aarch32/libarch__arm__core__aarch32.a(fatal.c.obj)
 .comment       0x00000049       0x4a zephyr/arch/arch/arm/core/aarch32/libarch__arm__core__aarch32.a(nmi.c.obj)
 .comment       0x00000049       0x4a zephyr/arch/arch/arm/core/aarch32/libarch__arm__core__aarch32.a(prep_c.c.obj)
 .comment       0x00000049       0x4a zephyr/arch/arch/arm/core/aarch32/cortex_m/libarch__arm__core__aarch32__cortex_m.a(fault.c.obj)
 .comment       0x00000049       0x4a zephyr/arch/arch/arm/core/aarch32/cortex_m/libarch__arm__core__aarch32__cortex_m.a(scb.c.obj)
 .comment       0x00000049       0x4a zephyr/arch/arch/arm/core/aarch32/cortex_m/libarch__arm__core__aarch32__cortex_m.a(irq_init.c.obj)
 .comment       0x00000049       0x4a zephyr/arch/arch/arm/core/aarch32/cortex_m/libarch__arm__core__aarch32__cortex_m.a(thread_abort.c.obj)
 .comment       0x00000049       0x4a zephyr/arch/arch/arm/core/aarch32/mpu/libarch__arm__core__aarch32__mpu.a(arm_core_mpu.c.obj)
 .comment       0x00000049       0x4a zephyr/arch/arch/arm/core/aarch32/mpu/libarch__arm__core__aarch32__mpu.a(arm_mpu.c.obj)
 .comment       0x00000049       0x4a zephyr/lib/libc/minimal/liblib__libc__minimal.a(string.c.obj)
 .comment       0x00000049       0x4a zephyr/lib/libc/minimal/liblib__libc__minimal.a(stdout_console.c.obj)
 .comment       0x00000049       0x4a zephyr/soc/arm/common/cortex_m/libsoc__arm__common__cortex_m.a(arm_mpu_regions.c.obj)
 .comment       0x00000049       0x4a zephyr/soc/arm/nordic_nrf/nrf52/libsoc__arm__nordic_nrf__nrf52.a(soc.c.obj)
 .comment       0x00000049       0x4a zephyr/soc/arm/nordic_nrf/nrf52/libsoc__arm__nordic_nrf__nrf52.a(power.c.obj)
 .comment       0x00000049       0x4a zephyr/drivers/gpio/libdrivers__gpio.a(gpio_nrfx.c.obj)
 .comment       0x00000049       0x4a zephyr/drivers/serial/libdrivers__serial.a(uart_nrfx_uart.c.obj)
 .comment       0x00000049       0x4a modules/nrf/lib/fatal_error/lib..__nrf__lib__fatal_error.a(fatal_error.c.obj)
 .comment       0x00000049       0x4a modules/hal_nordic/nrfx/libmodules__hal_nordic__nrfx.a(system_nrf52.c.obj)
 .comment       0x00000049       0x4a modules/hal_nordic/nrfx/libmodules__hal_nordic__nrfx.a(nrfx_glue.c.obj)
 .comment       0x00000049       0x4a modules/hal_nordic/nrfx/libmodules__hal_nordic__nrfx.a(nrfx_clock.c.obj)
 .comment       0x00000049       0x4a modules/hal_nordic/nrfx/libmodules__hal_nordic__nrfx.a(nrfx_gpiote.c.obj)
 .comment       0x00000049       0x4a modules/hal_nordic/nrfx/libmodules__hal_nordic__nrfx.a(nrfx_i2s.c.obj)
 .comment       0x00000049       0x4a zephyr/kernel/libkernel.a(device.c.obj)
 .comment       0x00000049       0x4a zephyr/kernel/libkernel.a(errno.c.obj)
 .comment       0x00000049       0x4a zephyr/kernel/libkernel.a(fatal.c.obj)
 .comment       0x00000049       0x4a zephyr/kernel/libkernel.a(init.c.obj)
 .comment       0x00000049       0x4a zephyr/kernel/libkernel.a(thread.c.obj)
 .comment       0x00000049       0x4a zephyr/kernel/libkernel.a(idle.c.obj)
 .comment       0x00000049       0x4a zephyr/kernel/libkernel.a(sem.c.obj)
 .comment       0x00000049       0x4a zephyr/kernel/libkernel.a(sched.c.obj)
 .comment       0x00000049       0x4a zephyr/kernel/libkernel.a(xip.c.obj)
 .comment       0x00000049       0x4a zephyr/kernel/libkernel.a(timeout.c.obj)
 .comment       0x00000049       0x4a zephyr/kernel/libkernel.a(banner.c.obj)
 .comment       0x00000049       0x4a zephyr/arch/common/libisr_tables.a(isr_tables.c.obj)

.debug
 *(SORT_BY_ALIGNMENT(.debug))

.line
 *(SORT_BY_ALIGNMENT(.line))

.debug_srcinfo
 *(SORT_BY_ALIGNMENT(.debug_srcinfo))

.debug_sfnames
 *(SORT_BY_ALIGNMENT(.debug_sfnames))

.debug_aranges  0x00000000     0x10d0
 *(SORT_BY_ALIGNMENT(.debug_aranges))
 .debug_aranges
                0x00000000       0x20 zephyr/libzephyr.a(soc_nrf_common.S.obj)
 .debug_aranges
                0x00000020       0x28 zephyr/arch/arch/arm/core/aarch32/libarch__arm__core__aarch32.a(swap_helper.S.obj)
 .debug_aranges
                0x00000048       0x30 zephyr/arch/arch/arm/core/aarch32/libarch__arm__core__aarch32.a(cpu_idle.S.obj)
 .debug_aranges
                0x00000078       0x20 zephyr/arch/arch/arm/core/aarch32/libarch__arm__core__aarch32.a(nmi_on_reset.S.obj)
 .debug_aranges
                0x00000098       0x20 zephyr/arch/arch/arm/core/aarch32/libarch__arm__core__aarch32.a(isr_wrapper.S.obj)
 .debug_aranges
                0x000000b8       0x20 zephyr/arch/arch/arm/core/aarch32/cortex_m/libarch__arm__core__aarch32__cortex_m.a(reset.S.obj)
 .debug_aranges
                0x000000d8       0x20 zephyr/arch/arch/arm/core/aarch32/cortex_m/libarch__arm__core__aarch32__cortex_m.a(fault_s.S.obj)
 .debug_aranges
                0x000000f8       0x20 zephyr/arch/arch/arm/core/aarch32/cortex_m/libarch__arm__core__aarch32__cortex_m.a(exc_exit.S.obj)
 .debug_aranges
                0x00000118       0x20 zephyr/CMakeFiles/offsets.dir/./arch/arm/core/offsets/offsets.c.obj
 .debug_aranges
                0x00000138       0x40 app/libapp.a(main.c.obj)
 .debug_aranges
                0x00000178       0x28 zephyr/libzephyr.a(notify.c.obj)
 .debug_aranges
                0x000001a0       0x68 zephyr/libzephyr.a(printk.c.obj)
 .debug_aranges
                0x00000208       0x90 zephyr/libzephyr.a(onoff.c.obj)
 .debug_aranges
                0x00000298       0x20 zephyr/libzephyr.a(thread_entry.c.obj)
 .debug_aranges
                0x000002b8       0x30 zephyr/libzephyr.a(cbprintf_complete.c.obj)
 .debug_aranges
                0x000002e8       0x20 zephyr/libzephyr.a(configs.c.obj)
 .debug_aranges
                0x00000308       0x50 zephyr/libzephyr.a(power.c.obj)
 .debug_aranges
                0x00000358       0x20 zephyr/libzephyr.a(policy_residency.c.obj)
 .debug_aranges
                0x00000378       0x28 zephyr/libzephyr.a(uart_console.c.obj)
 .debug_aranges
                0x000003a0       0xc8 zephyr/libzephyr.a(clock_control_nrf.c.obj)
 .debug_aranges
                0x00000468       0x40 zephyr/libzephyr.a(sys_clock_init.c.obj)
 .debug_aranges
                0x000004a8       0x98 zephyr/libzephyr.a(nrf_rtc_timer.c.obj)
 .debug_aranges
                0x00000540       0x20 zephyr/arch/arch/arm/core/aarch32/libarch__arm__core__aarch32.a(swap.c.obj)
 .debug_aranges
                0x00000560       0x48 zephyr/arch/arch/arm/core/aarch32/libarch__arm__core__aarch32.a(irq_manage.c.obj)
 .debug_aranges
                0x000005a8       0x28 zephyr/arch/arch/arm/core/aarch32/libarch__arm__core__aarch32.a(thread.c.obj)
 .debug_aranges
                0x000005d0       0x30 zephyr/arch/arch/arm/core/aarch32/libarch__arm__core__aarch32.a(fatal.c.obj)
 .debug_aranges
                0x00000600       0x20 zephyr/arch/arch/arm/core/aarch32/libarch__arm__core__aarch32.a(nmi.c.obj)
 .debug_aranges
                0x00000620       0x20 zephyr/arch/arch/arm/core/aarch32/libarch__arm__core__aarch32.a(prep_c.c.obj)
 .debug_aranges
                0x00000640       0x38 zephyr/arch/arch/arm/core/aarch32/cortex_m/libarch__arm__core__aarch32__cortex_m.a(fault.c.obj)
 .debug_aranges
                0x00000678       0x30 zephyr/arch/arch/arm/core/aarch32/cortex_m/libarch__arm__core__aarch32__cortex_m.a(scb.c.obj)
 .debug_aranges
                0x000006a8       0x20 zephyr/arch/arch/arm/core/aarch32/cortex_m/libarch__arm__core__aarch32__cortex_m.a(irq_init.c.obj)
 .debug_aranges
                0x000006c8       0x20 zephyr/arch/arch/arm/core/aarch32/cortex_m/libarch__arm__core__aarch32__cortex_m.a(thread_abort.c.obj)
 .debug_aranges
                0x000006e8       0x28 zephyr/arch/arch/arm/core/aarch32/mpu/libarch__arm__core__aarch32__mpu.a(arm_core_mpu.c.obj)
 .debug_aranges
                0x00000710       0x48 zephyr/arch/arch/arm/core/aarch32/mpu/libarch__arm__core__aarch32__mpu.a(arm_mpu.c.obj)
 .debug_aranges
                0x00000758       0x98 zephyr/lib/libc/minimal/liblib__libc__minimal.a(string.c.obj)
 .debug_aranges
                0x000007f0       0x58 zephyr/lib/libc/minimal/liblib__libc__minimal.a(stdout_console.c.obj)
 .debug_aranges
                0x00000848       0x18 zephyr/soc/arm/common/cortex_m/libsoc__arm__common__cortex_m.a(arm_mpu_regions.c.obj)
 .debug_aranges
                0x00000860       0x30 zephyr/soc/arm/nordic_nrf/nrf52/libsoc__arm__nordic_nrf__nrf52.a(soc.c.obj)
 .debug_aranges
                0x00000890       0x28 zephyr/soc/arm/nordic_nrf/nrf52/libsoc__arm__nordic_nrf__nrf52.a(power.c.obj)
 .debug_aranges
                0x000008b8       0x70 zephyr/drivers/gpio/libdrivers__gpio.a(gpio_nrfx.c.obj)
 .debug_aranges
                0x00000928       0x48 zephyr/drivers/serial/libdrivers__serial.a(uart_nrfx_uart.c.obj)
 .debug_aranges
                0x00000970       0x20 modules/nrf/lib/fatal_error/lib..__nrf__lib__fatal_error.a(fatal_error.c.obj)
 .debug_aranges
                0x00000990       0x48 modules/hal_nordic/nrfx/libmodules__hal_nordic__nrfx.a(system_nrf52.c.obj)
 .debug_aranges
                0x000009d8       0x30 modules/hal_nordic/nrfx/libmodules__hal_nordic__nrfx.a(nrfx_glue.c.obj)
 .debug_aranges
                0x00000a08       0x68 modules/hal_nordic/nrfx/libmodules__hal_nordic__nrfx.a(nrfx_clock.c.obj)
 .debug_aranges
                0x00000a70      0x140 modules/hal_nordic/nrfx/libmodules__hal_nordic__nrfx.a(nrfx_gpiote.c.obj)
 .debug_aranges
                0x00000bb0       0x48 modules/hal_nordic/nrfx/libmodules__hal_nordic__nrfx.a(nrfx_i2s.c.obj)
 .debug_aranges
                0x00000bf8       0x50 zephyr/kernel/libkernel.a(device.c.obj)
 .debug_aranges
                0x00000c48       0x20 zephyr/kernel/libkernel.a(errno.c.obj)
 .debug_aranges
                0x00000c68       0x58 zephyr/kernel/libkernel.a(fatal.c.obj)
 .debug_aranges
                0x00000cc0       0x38 zephyr/kernel/libkernel.a(init.c.obj)
 .debug_aranges
                0x00000cf8       0xa0 zephyr/kernel/libkernel.a(thread.c.obj)
 .debug_aranges
                0x00000d98       0x28 zephyr/kernel/libkernel.a(idle.c.obj)
 .debug_aranges
                0x00000dc0       0x38 zephyr/kernel/libkernel.a(sem.c.obj)
 .debug_aranges
                0x00000df8      0x1e8 zephyr/kernel/libkernel.a(sched.c.obj)
 .debug_aranges
                0x00000fe0       0x20 zephyr/kernel/libkernel.a(xip.c.obj)
 .debug_aranges
                0x00001000       0x98 zephyr/kernel/libkernel.a(timeout.c.obj)
 .debug_aranges
                0x00001098       0x20 zephyr/kernel/libkernel.a(banner.c.obj)
 .debug_aranges
                0x000010b8       0x18 zephyr/arch/common/libisr_tables.a(isr_tables.c.obj)

.debug_pubnames
 *(SORT_BY_ALIGNMENT(.debug_pubnames))

.debug_info     0x00000000    0x44ed7
 *(SORT_BY_ALIGNMENT(.debug_info) SORT_BY_ALIGNMENT(.gnu.linkonce.wi.*))
 .debug_info    0x00000000       0x93 zephyr/CMakeFiles/offsets.dir/./arch/arm/core/offsets/offsets.c.obj
 .debug_info    0x00000093     0x1c2b app/libapp.a(main.c.obj)
 .debug_info    0x00001cbe      0x311 zephyr/libzephyr.a(notify.c.obj)
 .debug_info    0x00001fcf      0x512 zephyr/libzephyr.a(printk.c.obj)
 .debug_info    0x000024e1     0x2282 zephyr/libzephyr.a(onoff.c.obj)
 .debug_info    0x00004763      0x5f3 zephyr/libzephyr.a(thread_entry.c.obj)
 .debug_info    0x00004d56     0x1044 zephyr/libzephyr.a(cbprintf_complete.c.obj)
 .debug_info    0x00005d9a       0x38 zephyr/libzephyr.a(configs.c.obj)
 .debug_info    0x00005dd2       0x26 zephyr/libzephyr.a(soc_nrf_common.S.obj)
 .debug_info    0x00005df8     0x15b9 zephyr/libzephyr.a(power.c.obj)
 .debug_info    0x000073b1      0xd9d zephyr/libzephyr.a(policy_residency.c.obj)
 .debug_info    0x0000814e      0x5fb zephyr/libzephyr.a(uart_console.c.obj)
 .debug_info    0x00008749     0x49df zephyr/libzephyr.a(clock_control_nrf.c.obj)
 .debug_info    0x0000d128      0x3e9 zephyr/libzephyr.a(sys_clock_init.c.obj)
 .debug_info    0x0000d511     0x1e90 zephyr/libzephyr.a(nrf_rtc_timer.c.obj)
 .debug_info    0x0000f3a1      0x7ed zephyr/arch/arch/arm/core/aarch32/libarch__arm__core__aarch32.a(swap.c.obj)
 .debug_info    0x0000fb8e       0x22 zephyr/arch/arch/arm/core/aarch32/libarch__arm__core__aarch32.a(swap_helper.S.obj)
 .debug_info    0x0000fbb0      0xc8d zephyr/arch/arch/arm/core/aarch32/libarch__arm__core__aarch32.a(irq_manage.c.obj)
 .debug_info    0x0001083d      0x82a zephyr/arch/arch/arm/core/aarch32/libarch__arm__core__aarch32.a(thread.c.obj)
 .debug_info    0x00011067       0x22 zephyr/arch/arch/arm/core/aarch32/libarch__arm__core__aarch32.a(cpu_idle.S.obj)
 .debug_info    0x00011089     0x18ec zephyr/arch/arch/arm/core/aarch32/libarch__arm__core__aarch32.a(fatal.c.obj)
 .debug_info    0x00012975       0xc2 zephyr/arch/arch/arm/core/aarch32/libarch__arm__core__aarch32.a(nmi.c.obj)
 .debug_info    0x00012a37       0x26 zephyr/arch/arch/arm/core/aarch32/libarch__arm__core__aarch32.a(nmi_on_reset.S.obj)
 .debug_info    0x00012a5d      0x362 zephyr/arch/arch/arm/core/aarch32/libarch__arm__core__aarch32.a(prep_c.c.obj)
 .debug_info    0x00012dbf       0x26 zephyr/arch/arch/arm/core/aarch32/libarch__arm__core__aarch32.a(isr_wrapper.S.obj)
 .debug_info    0x00012de5       0x26 zephyr/arch/arch/arm/core/aarch32/cortex_m/libarch__arm__core__aarch32__cortex_m.a(reset.S.obj)
 .debug_info    0x00012e0b       0x26 zephyr/arch/arch/arm/core/aarch32/cortex_m/libarch__arm__core__aarch32__cortex_m.a(fault_s.S.obj)
 .debug_info    0x00012e31     0x5dbd zephyr/arch/arch/arm/core/aarch32/cortex_m/libarch__arm__core__aarch32__cortex_m.a(fault.c.obj)
 .debug_info    0x00018bee       0x26 zephyr/arch/arch/arm/core/aarch32/cortex_m/libarch__arm__core__aarch32__cortex_m.a(exc_exit.S.obj)
 .debug_info    0x00018c14      0x63d zephyr/arch/arch/arm/core/aarch32/cortex_m/libarch__arm__core__aarch32__cortex_m.a(scb.c.obj)
 .debug_info    0x00019251      0x541 zephyr/arch/arch/arm/core/aarch32/cortex_m/libarch__arm__core__aarch32__cortex_m.a(irq_init.c.obj)
 .debug_info    0x00019792      0x827 zephyr/arch/arch/arm/core/aarch32/cortex_m/libarch__arm__core__aarch32__cortex_m.a(thread_abort.c.obj)
 .debug_info    0x00019fb9      0x6b0 zephyr/arch/arch/arm/core/aarch32/mpu/libarch__arm__core__aarch32__mpu.a(arm_core_mpu.c.obj)
 .debug_info    0x0001a669     0x2317 zephyr/arch/arch/arm/core/aarch32/mpu/libarch__arm__core__aarch32__mpu.a(arm_mpu.c.obj)
 .debug_info    0x0001c980      0x730 zephyr/lib/libc/minimal/liblib__libc__minimal.a(string.c.obj)
 .debug_info    0x0001d0b0      0x694 zephyr/lib/libc/minimal/liblib__libc__minimal.a(stdout_console.c.obj)
 .debug_info    0x0001d744      0x16a zephyr/soc/arm/common/cortex_m/libsoc__arm__common__cortex_m.a(arm_mpu_regions.c.obj)
 .debug_info    0x0001d8ae      0xb07 zephyr/soc/arm/nordic_nrf/nrf52/libsoc__arm__nordic_nrf__nrf52.a(soc.c.obj)
 .debug_info    0x0001e3b5      0xf98 zephyr/soc/arm/nordic_nrf/nrf52/libsoc__arm__nordic_nrf__nrf52.a(power.c.obj)
 .debug_info    0x0001f34d     0x2d00 zephyr/drivers/gpio/libdrivers__gpio.a(gpio_nrfx.c.obj)
 .debug_info    0x0002204d     0x1b56 zephyr/drivers/serial/libdrivers__serial.a(uart_nrfx_uart.c.obj)
 .debug_info    0x00023ba3      0xa9f modules/nrf/lib/fatal_error/lib..__nrf__lib__fatal_error.a(fatal_error.c.obj)
 .debug_info    0x00024642     0x1508 modules/hal_nordic/nrfx/libmodules__hal_nordic__nrfx.a(system_nrf52.c.obj)
 .debug_info    0x00025b4a      0x245 modules/hal_nordic/nrfx/libmodules__hal_nordic__nrfx.a(nrfx_glue.c.obj)
 .debug_info    0x00025d8f     0x331e modules/hal_nordic/nrfx/libmodules__hal_nordic__nrfx.a(nrfx_clock.c.obj)
 .debug_info    0x000290ad     0x80d3 modules/hal_nordic/nrfx/libmodules__hal_nordic__nrfx.a(nrfx_gpiote.c.obj)
 .debug_info    0x00031180     0x4f73 modules/hal_nordic/nrfx/libmodules__hal_nordic__nrfx.a(nrfx_i2s.c.obj)
 .debug_info    0x000360f3      0x6a6 zephyr/kernel/libkernel.a(device.c.obj)
 .debug_info    0x00036799      0x65d zephyr/kernel/libkernel.a(errno.c.obj)
 .debug_info    0x00036df6     0x1c76 zephyr/kernel/libkernel.a(fatal.c.obj)
 .debug_info    0x00038a6c     0x12c2 zephyr/kernel/libkernel.a(init.c.obj)
 .debug_info    0x00039d2e     0x20c1 zephyr/kernel/libkernel.a(thread.c.obj)
 .debug_info    0x0003bdef      0x815 zephyr/kernel/libkernel.a(idle.c.obj)
 .debug_info    0x0003c604      0xb76 zephyr/kernel/libkernel.a(sem.c.obj)
 .debug_info    0x0003d17a     0x5f4c zephyr/kernel/libkernel.a(sched.c.obj)
 .debug_info    0x000430c6      0x118 zephyr/kernel/libkernel.a(xip.c.obj)
 .debug_info    0x000431de     0x1a9b zephyr/kernel/libkernel.a(timeout.c.obj)
 .debug_info    0x00044c79       0xff zephyr/kernel/libkernel.a(banner.c.obj)
 .debug_info    0x00044d78      0x15f zephyr/arch/common/libisr_tables.a(isr_tables.c.obj)

.debug_abbrev   0x00000000     0x9b98
 *(SORT_BY_ALIGNMENT(.debug_abbrev))
 .debug_abbrev  0x00000000       0x44 zephyr/CMakeFiles/offsets.dir/./arch/arm/core/offsets/offsets.c.obj
 .debug_abbrev  0x00000044      0x4a5 app/libapp.a(main.c.obj)
 .debug_abbrev  0x000004e9      0x1bf zephyr/libzephyr.a(notify.c.obj)
 .debug_abbrev  0x000006a8      0x260 zephyr/libzephyr.a(printk.c.obj)
 .debug_abbrev  0x00000908      0x522 zephyr/libzephyr.a(onoff.c.obj)
 .debug_abbrev  0x00000e2a      0x1fa zephyr/libzephyr.a(thread_entry.c.obj)
 .debug_abbrev  0x00001024      0x40a zephyr/libzephyr.a(cbprintf_complete.c.obj)
 .debug_abbrev  0x0000142e       0x2e zephyr/libzephyr.a(configs.c.obj)
 .debug_abbrev  0x0000145c       0x14 zephyr/libzephyr.a(soc_nrf_common.S.obj)
 .debug_abbrev  0x00001470      0x521 zephyr/libzephyr.a(power.c.obj)
 .debug_abbrev  0x00001991      0x211 zephyr/libzephyr.a(policy_residency.c.obj)
 .debug_abbrev  0x00001ba2      0x2d7 zephyr/libzephyr.a(uart_console.c.obj)
 .debug_abbrev  0x00001e79      0x7f4 zephyr/libzephyr.a(clock_control_nrf.c.obj)
 .debug_abbrev  0x0000266d      0x215 zephyr/libzephyr.a(sys_clock_init.c.obj)
 .debug_abbrev  0x00002882      0x563 zephyr/libzephyr.a(nrf_rtc_timer.c.obj)
 .debug_abbrev  0x00002de5      0x1d9 zephyr/arch/arch/arm/core/aarch32/libarch__arm__core__aarch32.a(swap.c.obj)
 .debug_abbrev  0x00002fbe       0x12 zephyr/arch/arch/arm/core/aarch32/libarch__arm__core__aarch32.a(swap_helper.S.obj)
 .debug_abbrev  0x00002fd0      0x325 zephyr/arch/arch/arm/core/aarch32/libarch__arm__core__aarch32.a(irq_manage.c.obj)
 .debug_abbrev  0x000032f5      0x1ef zephyr/arch/arch/arm/core/aarch32/libarch__arm__core__aarch32.a(thread.c.obj)
 .debug_abbrev  0x000034e4       0x12 zephyr/arch/arch/arm/core/aarch32/libarch__arm__core__aarch32.a(cpu_idle.S.obj)
 .debug_abbrev  0x000034f6      0x304 zephyr/arch/arch/arm/core/aarch32/libarch__arm__core__aarch32.a(fatal.c.obj)
 .debug_abbrev  0x000037fa       0x72 zephyr/arch/arch/arm/core/aarch32/libarch__arm__core__aarch32.a(nmi.c.obj)
 .debug_abbrev  0x0000386c       0x14 zephyr/arch/arch/arm/core/aarch32/libarch__arm__core__aarch32.a(nmi_on_reset.S.obj)
 .debug_abbrev  0x00003880      0x139 zephyr/arch/arch/arm/core/aarch32/libarch__arm__core__aarch32.a(prep_c.c.obj)
 .debug_abbrev  0x000039b9       0x14 zephyr/arch/arch/arm/core/aarch32/libarch__arm__core__aarch32.a(isr_wrapper.S.obj)
 .debug_abbrev  0x000039cd       0x14 zephyr/arch/arch/arm/core/aarch32/cortex_m/libarch__arm__core__aarch32__cortex_m.a(reset.S.obj)
 .debug_abbrev  0x000039e1       0x14 zephyr/arch/arch/arm/core/aarch32/cortex_m/libarch__arm__core__aarch32__cortex_m.a(fault_s.S.obj)
 .debug_abbrev  0x000039f5      0x3e0 zephyr/arch/arch/arm/core/aarch32/cortex_m/libarch__arm__core__aarch32__cortex_m.a(fault.c.obj)
 .debug_abbrev  0x00003dd5       0x14 zephyr/arch/arch/arm/core/aarch32/cortex_m/libarch__arm__core__aarch32__cortex_m.a(exc_exit.S.obj)
 .debug_abbrev  0x00003de9      0x246 zephyr/arch/arch/arm/core/aarch32/cortex_m/libarch__arm__core__aarch32__cortex_m.a(scb.c.obj)
 .debug_abbrev  0x0000402f      0x168 zephyr/arch/arch/arm/core/aarch32/cortex_m/libarch__arm__core__aarch32__cortex_m.a(irq_init.c.obj)
 .debug_abbrev  0x00004197      0x225 zephyr/arch/arch/arm/core/aarch32/cortex_m/libarch__arm__core__aarch32__cortex_m.a(thread_abort.c.obj)
 .debug_abbrev  0x000043bc      0x1cf zephyr/arch/arch/arm/core/aarch32/mpu/libarch__arm__core__aarch32__mpu.a(arm_core_mpu.c.obj)
 .debug_abbrev  0x0000458b      0x453 zephyr/arch/arch/arm/core/aarch32/mpu/libarch__arm__core__aarch32__mpu.a(arm_mpu.c.obj)
 .debug_abbrev  0x000049de      0x171 zephyr/lib/libc/minimal/liblib__libc__minimal.a(string.c.obj)
 .debug_abbrev  0x00004b4f      0x25a zephyr/lib/libc/minimal/liblib__libc__minimal.a(stdout_console.c.obj)
 .debug_abbrev  0x00004da9       0xac zephyr/soc/arm/common/cortex_m/libsoc__arm__common__cortex_m.a(arm_mpu_regions.c.obj)
 .debug_abbrev  0x00004e55      0x347 zephyr/soc/arm/nordic_nrf/nrf52/libsoc__arm__nordic_nrf__nrf52.a(soc.c.obj)
 .debug_abbrev  0x0000519c      0x295 zephyr/soc/arm/nordic_nrf/nrf52/libsoc__arm__nordic_nrf__nrf52.a(power.c.obj)
 .debug_abbrev  0x00005431      0x57c zephyr/drivers/gpio/libdrivers__gpio.a(gpio_nrfx.c.obj)
 .debug_abbrev  0x000059ad      0x501 zephyr/drivers/serial/libdrivers__serial.a(uart_nrfx_uart.c.obj)
 .debug_abbrev  0x00005eae      0x208 modules/nrf/lib/fatal_error/lib..__nrf__lib__fatal_error.a(fatal_error.c.obj)
 .debug_abbrev  0x000060b6      0x325 modules/hal_nordic/nrfx/libmodules__hal_nordic__nrfx.a(system_nrf52.c.obj)
 .debug_abbrev  0x000063db      0x13f modules/hal_nordic/nrfx/libmodules__hal_nordic__nrfx.a(nrfx_glue.c.obj)
 .debug_abbrev  0x0000651a      0x525 modules/hal_nordic/nrfx/libmodules__hal_nordic__nrfx.a(nrfx_clock.c.obj)
 .debug_abbrev  0x00006a3f      0x67e modules/hal_nordic/nrfx/libmodules__hal_nordic__nrfx.a(nrfx_gpiote.c.obj)
 .debug_abbrev  0x000070bd      0x4cd modules/hal_nordic/nrfx/libmodules__hal_nordic__nrfx.a(nrfx_i2s.c.obj)
 .debug_abbrev  0x0000758a      0x370 zephyr/kernel/libkernel.a(device.c.obj)
 .debug_abbrev  0x000078fa      0x17c zephyr/kernel/libkernel.a(errno.c.obj)
 .debug_abbrev  0x00007a76      0x405 zephyr/kernel/libkernel.a(fatal.c.obj)
 .debug_abbrev  0x00007e7b      0x4ee zephyr/kernel/libkernel.a(init.c.obj)
 .debug_abbrev  0x00008369      0x589 zephyr/kernel/libkernel.a(thread.c.obj)
 .debug_abbrev  0x000088f2      0x282 zephyr/kernel/libkernel.a(idle.c.obj)
 .debug_abbrev  0x00008b74      0x316 zephyr/kernel/libkernel.a(sem.c.obj)
 .debug_abbrev  0x00008e8a      0x62b zephyr/kernel/libkernel.a(sched.c.obj)
 .debug_abbrev  0x000094b5       0xb5 zephyr/kernel/libkernel.a(xip.c.obj)
 .debug_abbrev  0x0000956a      0x4a2 zephyr/kernel/libkernel.a(timeout.c.obj)
 .debug_abbrev  0x00009a0c       0xb8 zephyr/kernel/libkernel.a(banner.c.obj)
 .debug_abbrev  0x00009ac4       0xd4 zephyr/arch/common/libisr_tables.a(isr_tables.c.obj)

.debug_line     0x00000000    0x15c9f
 *(SORT_BY_ALIGNMENT(.debug_line) SORT_BY_ALIGNMENT(.debug_line.*) SORT_BY_ALIGNMENT(.debug_line_end))
 .debug_line    0x00000000      0x100 zephyr/CMakeFiles/offsets.dir/./arch/arm/core/offsets/offsets.c.obj
 .debug_line    0x00000100      0x956 app/libapp.a(main.c.obj)
 .debug_line    0x00000a56      0x1cf zephyr/libzephyr.a(notify.c.obj)
 .debug_line    0x00000c25      0x301 zephyr/libzephyr.a(printk.c.obj)
 .debug_line    0x00000f26     0x10a7 zephyr/libzephyr.a(onoff.c.obj)
 .debug_line    0x00001fcd      0x2ac zephyr/libzephyr.a(thread_entry.c.obj)
 .debug_line    0x00002279      0xb91 zephyr/libzephyr.a(cbprintf_complete.c.obj)
 .debug_line    0x00002e0a      0x1c6 zephyr/libzephyr.a(configs.c.obj)
 .debug_line    0x00002fd0       0x74 zephyr/libzephyr.a(soc_nrf_common.S.obj)
 .debug_line    0x00003044      0x7d0 zephyr/libzephyr.a(power.c.obj)
 .debug_line    0x00003814      0x212 zephyr/libzephyr.a(policy_residency.c.obj)
 .debug_line    0x00003a26      0x275 zephyr/libzephyr.a(uart_console.c.obj)
 .debug_line    0x00003c9b     0x1263 zephyr/libzephyr.a(clock_control_nrf.c.obj)
 .debug_line    0x00004efe      0x17f zephyr/libzephyr.a(sys_clock_init.c.obj)
 .debug_line    0x0000507d      0xf3d zephyr/libzephyr.a(nrf_rtc_timer.c.obj)
 .debug_line    0x00005fba      0x2c5 zephyr/arch/arch/arm/core/aarch32/libarch__arm__core__aarch32.a(swap.c.obj)
 .debug_line    0x0000627f       0xbb zephyr/arch/arch/arm/core/aarch32/libarch__arm__core__aarch32.a(swap_helper.S.obj)
 .debug_line    0x0000633a      0x47e zephyr/arch/arch/arm/core/aarch32/libarch__arm__core__aarch32.a(irq_manage.c.obj)
 .debug_line    0x000067b8      0x2c8 zephyr/arch/arch/arm/core/aarch32/libarch__arm__core__aarch32.a(thread.c.obj)
 .debug_line    0x00006a80       0xa0 zephyr/arch/arch/arm/core/aarch32/libarch__arm__core__aarch32.a(cpu_idle.S.obj)
 .debug_line    0x00006b20      0x26c zephyr/arch/arch/arm/core/aarch32/libarch__arm__core__aarch32.a(fatal.c.obj)
 .debug_line    0x00006d8c       0xb7 zephyr/arch/arch/arm/core/aarch32/libarch__arm__core__aarch32.a(nmi.c.obj)
 .debug_line    0x00006e43       0x6f zephyr/arch/arch/arm/core/aarch32/libarch__arm__core__aarch32.a(nmi_on_reset.S.obj)
 .debug_line    0x00006eb2      0x210 zephyr/arch/arch/arm/core/aarch32/libarch__arm__core__aarch32.a(prep_c.c.obj)
 .debug_line    0x000070c2       0x98 zephyr/arch/arch/arm/core/aarch32/libarch__arm__core__aarch32.a(isr_wrapper.S.obj)
 .debug_line    0x0000715a       0x93 zephyr/arch/arch/arm/core/aarch32/cortex_m/libarch__arm__core__aarch32__cortex_m.a(reset.S.obj)
 .debug_line    0x000071ed       0x7c zephyr/arch/arch/arm/core/aarch32/cortex_m/libarch__arm__core__aarch32__cortex_m.a(fault_s.S.obj)
 .debug_line    0x00007269      0x66b zephyr/arch/arch/arm/core/aarch32/cortex_m/libarch__arm__core__aarch32__cortex_m.a(fault.c.obj)
 .debug_line    0x000078d4       0x82 zephyr/arch/arch/arm/core/aarch32/cortex_m/libarch__arm__core__aarch32__cortex_m.a(exc_exit.S.obj)
 .debug_line    0x00007956      0x371 zephyr/arch/arch/arm/core/aarch32/cortex_m/libarch__arm__core__aarch32__cortex_m.a(scb.c.obj)
 .debug_line    0x00007cc7      0x1c7 zephyr/arch/arch/arm/core/aarch32/cortex_m/libarch__arm__core__aarch32__cortex_m.a(irq_init.c.obj)
 .debug_line    0x00007e8e      0x34e zephyr/arch/arch/arm/core/aarch32/cortex_m/libarch__arm__core__aarch32__cortex_m.a(thread_abort.c.obj)
 .debug_line    0x000081dc      0x33e zephyr/arch/arch/arm/core/aarch32/mpu/libarch__arm__core__aarch32__mpu.a(arm_core_mpu.c.obj)
 .debug_line    0x0000851a      0x66d zephyr/arch/arch/arm/core/aarch32/mpu/libarch__arm__core__aarch32__mpu.a(arm_mpu.c.obj)
 .debug_line    0x00008b87      0x55d zephyr/lib/libc/minimal/liblib__libc__minimal.a(string.c.obj)
 .debug_line    0x000090e4      0x327 zephyr/lib/libc/minimal/liblib__libc__minimal.a(stdout_console.c.obj)
 .debug_line    0x0000940b       0xf8 zephyr/soc/arm/common/cortex_m/libsoc__arm__common__cortex_m.a(arm_mpu_regions.c.obj)
 .debug_line    0x00009503      0x37c zephyr/soc/arm/nordic_nrf/nrf52/libsoc__arm__nordic_nrf__nrf52.a(soc.c.obj)
 .debug_line    0x0000987f      0x33e zephyr/soc/arm/nordic_nrf/nrf52/libsoc__arm__nordic_nrf__nrf52.a(power.c.obj)
 .debug_line    0x00009bbd     0x10e5 zephyr/drivers/gpio/libdrivers__gpio.a(gpio_nrfx.c.obj)
 .debug_line    0x0000aca2      0x913 zephyr/drivers/serial/libdrivers__serial.a(uart_nrfx_uart.c.obj)
 .debug_line    0x0000b5b5      0x1dc modules/nrf/lib/fatal_error/lib..__nrf__lib__fatal_error.a(fatal_error.c.obj)
 .debug_line    0x0000b791      0x5a8 modules/hal_nordic/nrfx/libmodules__hal_nordic__nrfx.a(system_nrf52.c.obj)
 .debug_line    0x0000bd39      0x200 modules/hal_nordic/nrfx/libmodules__hal_nordic__nrfx.a(nrfx_glue.c.obj)
 .debug_line    0x0000bf39      0xa02 modules/hal_nordic/nrfx/libmodules__hal_nordic__nrfx.a(nrfx_clock.c.obj)
 .debug_line    0x0000c93b     0x1f8a modules/hal_nordic/nrfx/libmodules__hal_nordic__nrfx.a(nrfx_gpiote.c.obj)
 .debug_line    0x0000e8c5      0xecb modules/hal_nordic/nrfx/libmodules__hal_nordic__nrfx.a(nrfx_i2s.c.obj)
 .debug_line    0x0000f790      0x3d8 zephyr/kernel/libkernel.a(device.c.obj)
 .debug_line    0x0000fb68      0x2a4 zephyr/kernel/libkernel.a(errno.c.obj)
 .debug_line    0x0000fe0c      0x500 zephyr/kernel/libkernel.a(fatal.c.obj)
 .debug_line    0x0001030c      0x7e4 zephyr/kernel/libkernel.a(init.c.obj)
 .debug_line    0x00010af0      0x9ef zephyr/kernel/libkernel.a(thread.c.obj)
 .debug_line    0x000114df      0x3dc zephyr/kernel/libkernel.a(idle.c.obj)
 .debug_line    0x000118bb      0x546 zephyr/kernel/libkernel.a(sem.c.obj)
 .debug_line    0x00011e01     0x2dc6 zephyr/kernel/libkernel.a(sched.c.obj)
 .debug_line    0x00014bc7       0xf8 zephyr/kernel/libkernel.a(xip.c.obj)
 .debug_line    0x00014cbf      0xdda zephyr/kernel/libkernel.a(timeout.c.obj)
 .debug_line    0x00015a99      0x140 zephyr/kernel/libkernel.a(banner.c.obj)
 .debug_line    0x00015bd9       0xc6 zephyr/arch/common/libisr_tables.a(isr_tables.c.obj)

.debug_frame    0x00000000     0x23d0
 *(SORT_BY_ALIGNMENT(.debug_frame))
 .debug_frame   0x00000000       0x20 zephyr/CMakeFiles/offsets.dir/./arch/arm/core/offsets/offsets.c.obj
 .debug_frame   0x00000020       0xb0 app/libapp.a(main.c.obj)
 .debug_frame   0x000000d0       0x30 zephyr/libzephyr.a(notify.c.obj)
 .debug_frame   0x00000100      0x118 zephyr/libzephyr.a(printk.c.obj)
 .debug_frame   0x00000218      0x19c zephyr/libzephyr.a(onoff.c.obj)
 .debug_frame   0x000003b4       0x28 zephyr/libzephyr.a(thread_entry.c.obj)
 .debug_frame   0x000003dc       0x88 zephyr/libzephyr.a(cbprintf_complete.c.obj)
 .debug_frame   0x00000464       0x20 zephyr/libzephyr.a(configs.c.obj)
 .debug_frame   0x00000484       0xdc zephyr/libzephyr.a(power.c.obj)
 .debug_frame   0x00000560       0x20 zephyr/libzephyr.a(policy_residency.c.obj)
 .debug_frame   0x00000580       0x44 zephyr/libzephyr.a(uart_console.c.obj)
 .debug_frame   0x000005c4      0x230 zephyr/libzephyr.a(clock_control_nrf.c.obj)
 .debug_frame   0x000007f4       0x70 zephyr/libzephyr.a(sys_clock_init.c.obj)
 .debug_frame   0x00000864      0x180 zephyr/libzephyr.a(nrf_rtc_timer.c.obj)
 .debug_frame   0x000009e4       0x20 zephyr/arch/arch/arm/core/aarch32/libarch__arm__core__aarch32.a(swap.c.obj)
 .debug_frame   0x00000a04       0x78 zephyr/arch/arch/arm/core/aarch32/libarch__arm__core__aarch32.a(irq_manage.c.obj)
 .debug_frame   0x00000a7c       0x30 zephyr/arch/arch/arm/core/aarch32/libarch__arm__core__aarch32.a(thread.c.obj)
 .debug_frame   0x00000aac       0x48 zephyr/arch/arch/arm/core/aarch32/libarch__arm__core__aarch32.a(fatal.c.obj)
 .debug_frame   0x00000af4       0x2c zephyr/arch/arch/arm/core/aarch32/libarch__arm__core__aarch32.a(nmi.c.obj)
 .debug_frame   0x00000b20       0x28 zephyr/arch/arch/arm/core/aarch32/libarch__arm__core__aarch32.a(prep_c.c.obj)
 .debug_frame   0x00000b48       0x68 zephyr/arch/arch/arm/core/aarch32/cortex_m/libarch__arm__core__aarch32__cortex_m.a(fault.c.obj)
 .debug_frame   0x00000bb0       0x48 zephyr/arch/arch/arm/core/aarch32/cortex_m/libarch__arm__core__aarch32__cortex_m.a(scb.c.obj)
 .debug_frame   0x00000bf8       0x20 zephyr/arch/arch/arm/core/aarch32/cortex_m/libarch__arm__core__aarch32__cortex_m.a(irq_init.c.obj)
 .debug_frame   0x00000c18       0x20 zephyr/arch/arch/arm/core/aarch32/cortex_m/libarch__arm__core__aarch32__cortex_m.a(thread_abort.c.obj)
 .debug_frame   0x00000c38       0x30 zephyr/arch/arch/arm/core/aarch32/mpu/libarch__arm__core__aarch32__mpu.a(arm_core_mpu.c.obj)
 .debug_frame   0x00000c68       0x98 zephyr/arch/arch/arm/core/aarch32/mpu/libarch__arm__core__aarch32__mpu.a(arm_mpu.c.obj)
 .debug_frame   0x00000d00      0x170 zephyr/lib/libc/minimal/liblib__libc__minimal.a(string.c.obj)
 .debug_frame   0x00000e70       0xb8 zephyr/lib/libc/minimal/liblib__libc__minimal.a(stdout_console.c.obj)
 .debug_frame   0x00000f28       0x40 zephyr/soc/arm/nordic_nrf/nrf52/libsoc__arm__nordic_nrf__nrf52.a(soc.c.obj)
 .debug_frame   0x00000f68       0x40 zephyr/soc/arm/nordic_nrf/nrf52/libsoc__arm__nordic_nrf__nrf52.a(power.c.obj)
 .debug_frame   0x00000fa8      0x108 zephyr/drivers/gpio/libdrivers__gpio.a(gpio_nrfx.c.obj)
 .debug_frame   0x000010b0       0x90 zephyr/drivers/serial/libdrivers__serial.a(uart_nrfx_uart.c.obj)
 .debug_frame   0x00001140       0x28 modules/nrf/lib/fatal_error/lib..__nrf__lib__fatal_error.a(fatal_error.c.obj)
 .debug_frame   0x00001168       0x78 modules/hal_nordic/nrfx/libmodules__hal_nordic__nrfx.a(system_nrf52.c.obj)
 .debug_frame   0x000011e0       0x40 modules/hal_nordic/nrfx/libmodules__hal_nordic__nrfx.a(nrfx_glue.c.obj)
 .debug_frame   0x00001220      0x104 modules/hal_nordic/nrfx/libmodules__hal_nordic__nrfx.a(nrfx_clock.c.obj)
 .debug_frame   0x00001324      0x338 modules/hal_nordic/nrfx/libmodules__hal_nordic__nrfx.a(nrfx_gpiote.c.obj)
 .debug_frame   0x0000165c       0xc4 modules/hal_nordic/nrfx/libmodules__hal_nordic__nrfx.a(nrfx_i2s.c.obj)
 .debug_frame   0x00001720       0xbc zephyr/kernel/libkernel.a(device.c.obj)
 .debug_frame   0x000017dc       0x20 zephyr/kernel/libkernel.a(errno.c.obj)
 .debug_frame   0x000017fc       0xc8 zephyr/kernel/libkernel.a(fatal.c.obj)
 .debug_frame   0x000018c4       0x68 zephyr/kernel/libkernel.a(init.c.obj)
 .debug_frame   0x0000192c      0x190 zephyr/kernel/libkernel.a(thread.c.obj)
 .debug_frame   0x00001abc       0x44 zephyr/kernel/libkernel.a(idle.c.obj)
 .debug_frame   0x00001b00       0x8c zephyr/kernel/libkernel.a(sem.c.obj)